sensor_service.c:123:6:Make_Connection	320	static
sensor_service.c:175:6:startReadTXCharHandle	288	static
sensor_service.c:193:6:startReadRXCharHandle	288	static
sensor_service.c:211:6:enableNotification	288	static
sensor_service.c:234:6:sendData	24	static
sensor_service.c:252:6:receiveData	280	static
sensor_service.c:273:12:Add_Sample_Service	352	static
sensor_service.c:316:6:Attribute_Modified_CB	0	static
sensor_service.c:333:6:GAP_ConnectionComplete_CB	280	static
sensor_service.c:350:6:GAP_DisconnectionComplete_CB	272	static
sensor_service.c:371:6:GATT_Notification_CB	0	static
sensor_service.c:386:6:user_notify	0	static
sensor_service.c:493:12:safe_aci_gatt_update_char_value	24	static
sensor_service.c:528:12:Add_ConfigW2ST_Service	56	static
sensor_service.c:565:12:Stderr_Update	40	static
sensor_service.c:649:19:Term_Update_AfterRead	272	static
sensor_service.c:598:12:Term_Update	296	static
sensor_service.c:677:12:Config_Notify	296	static
sensor_service.c:709:12:Add_HWServW2ST_Service	72	static
sensor_service.c:790:12:Environmental_Update	304	static
sensor_service.c:850:12:LED_Update	288	static
sensor_service.c:883:6:setConnectable	88	static
sensor_service.c:1008:6:Read_Request_CB	48	static
sensor_service.c:1245:6:HCI_Event_CB	0	static
