Archive member included to satisfy reference by file (symbol)

c:/st/stm32cubeide_1.1.0/stm32cubeide/plugins/com.st.stm32cube.ide.mcu.externaltools.gnu-tools-for-stm32.7-2018-q2-update.win32_1.0.0.201904181610/tools/bin/../lib/gcc/arm-none-eabi/7.3.1/../../../../arm-none-eabi/lib/thumb/v7e-m/fpv4-sp/hard\libc_nano.a(lib_a-errno.o)
                              BLE_SampleApp/SW4STM32/syscalls.o (__errno)
c:/st/stm32cubeide_1.1.0/stm32cubeide/plugins/com.st.stm32cube.ide.mcu.externaltools.gnu-tools-for-stm32.7-2018-q2-update.win32_1.0.0.201904181610/tools/bin/../lib/gcc/arm-none-eabi/7.3.1/../../../../arm-none-eabi/lib/thumb/v7e-m/fpv4-sp/hard\libc_nano.a(lib_a-exit.o)
                              c:/st/stm32cubeide_1.1.0/stm32cubeide/plugins/com.st.stm32cube.ide.mcu.externaltools.gnu-tools-for-stm32.7-2018-q2-update.win32_1.0.0.201904181610/tools/bin/../lib/gcc/arm-none-eabi/7.3.1/../../../../arm-none-eabi/lib/thumb/v7e-m/fpv4-sp/hard/crt0.o (exit)
c:/st/stm32cubeide_1.1.0/stm32cubeide/plugins/com.st.stm32cube.ide.mcu.externaltools.gnu-tools-for-stm32.7-2018-q2-update.win32_1.0.0.201904181610/tools/bin/../lib/gcc/arm-none-eabi/7.3.1/../../../../arm-none-eabi/lib/thumb/v7e-m/fpv4-sp/hard\libc_nano.a(lib_a-fflush.o)
                              BLE_SampleApp/User/sensor_service.o (fflush)
c:/st/stm32cubeide_1.1.0/stm32cubeide/plugins/com.st.stm32cube.ide.mcu.externaltools.gnu-tools-for-stm32.7-2018-q2-update.win32_1.0.0.201904181610/tools/bin/../lib/gcc/arm-none-eabi/7.3.1/../../../../arm-none-eabi/lib/thumb/v7e-m/fpv4-sp/hard\libc_nano.a(lib_a-findfp.o)
                              c:/st/stm32cubeide_1.1.0/stm32cubeide/plugins/com.st.stm32cube.ide.mcu.externaltools.gnu-tools-for-stm32.7-2018-q2-update.win32_1.0.0.201904181610/tools/bin/../lib/gcc/arm-none-eabi/7.3.1/../../../../arm-none-eabi/lib/thumb/v7e-m/fpv4-sp/hard\libc_nano.a(lib_a-fflush.o) (__sinit)
c:/st/stm32cubeide_1.1.0/stm32cubeide/plugins/com.st.stm32cube.ide.mcu.externaltools.gnu-tools-for-stm32.7-2018-q2-update.win32_1.0.0.201904181610/tools/bin/../lib/gcc/arm-none-eabi/7.3.1/../../../../arm-none-eabi/lib/thumb/v7e-m/fpv4-sp/hard\libc_nano.a(lib_a-fwalk.o)
                              c:/st/stm32cubeide_1.1.0/stm32cubeide/plugins/com.st.stm32cube.ide.mcu.externaltools.gnu-tools-for-stm32.7-2018-q2-update.win32_1.0.0.201904181610/tools/bin/../lib/gcc/arm-none-eabi/7.3.1/../../../../arm-none-eabi/lib/thumb/v7e-m/fpv4-sp/hard\libc_nano.a(lib_a-findfp.o) (_fwalk)
c:/st/stm32cubeide_1.1.0/stm32cubeide/plugins/com.st.stm32cube.ide.mcu.externaltools.gnu-tools-for-stm32.7-2018-q2-update.win32_1.0.0.201904181610/tools/bin/../lib/gcc/arm-none-eabi/7.3.1/../../../../arm-none-eabi/lib/thumb/v7e-m/fpv4-sp/hard\libc_nano.a(lib_a-impure.o)
                              c:/st/stm32cubeide_1.1.0/stm32cubeide/plugins/com.st.stm32cube.ide.mcu.externaltools.gnu-tools-for-stm32.7-2018-q2-update.win32_1.0.0.201904181610/tools/bin/../lib/gcc/arm-none-eabi/7.3.1/../../../../arm-none-eabi/lib/thumb/v7e-m/fpv4-sp/hard\libc_nano.a(lib_a-exit.o) (_global_impure_ptr)
c:/st/stm32cubeide_1.1.0/stm32cubeide/plugins/com.st.stm32cube.ide.mcu.externaltools.gnu-tools-for-stm32.7-2018-q2-update.win32_1.0.0.201904181610/tools/bin/../lib/gcc/arm-none-eabi/7.3.1/../../../../arm-none-eabi/lib/thumb/v7e-m/fpv4-sp/hard\libc_nano.a(lib_a-init.o)
                              c:/st/stm32cubeide_1.1.0/stm32cubeide/plugins/com.st.stm32cube.ide.mcu.externaltools.gnu-tools-for-stm32.7-2018-q2-update.win32_1.0.0.201904181610/tools/bin/../lib/gcc/arm-none-eabi/7.3.1/../../../../arm-none-eabi/lib/thumb/v7e-m/fpv4-sp/hard/crt0.o (__libc_init_array)
c:/st/stm32cubeide_1.1.0/stm32cubeide/plugins/com.st.stm32cube.ide.mcu.externaltools.gnu-tools-for-stm32.7-2018-q2-update.win32_1.0.0.201904181610/tools/bin/../lib/gcc/arm-none-eabi/7.3.1/../../../../arm-none-eabi/lib/thumb/v7e-m/fpv4-sp/hard\libc_nano.a(lib_a-itoa.o)
                              BLE_SampleApp/User/main.o (itoa)
c:/st/stm32cubeide_1.1.0/stm32cubeide/plugins/com.st.stm32cube.ide.mcu.externaltools.gnu-tools-for-stm32.7-2018-q2-update.win32_1.0.0.201904181610/tools/bin/../lib/gcc/arm-none-eabi/7.3.1/../../../../arm-none-eabi/lib/thumb/v7e-m/fpv4-sp/hard\libc_nano.a(lib_a-malloc.o)
                              Middlewares/STM32_USBD_Library/Class/CDC/usbd_cdc.o (malloc)
c:/st/stm32cubeide_1.1.0/stm32cubeide/plugins/com.st.stm32cube.ide.mcu.externaltools.gnu-tools-for-stm32.7-2018-q2-update.win32_1.0.0.201904181610/tools/bin/../lib/gcc/arm-none-eabi/7.3.1/../../../../arm-none-eabi/lib/thumb/v7e-m/fpv4-sp/hard\libc_nano.a(lib_a-memcpy-stub.o)
                              BLE_SampleApp/User/sensor_service.o (memcpy)
c:/st/stm32cubeide_1.1.0/stm32cubeide/plugins/com.st.stm32cube.ide.mcu.externaltools.gnu-tools-for-stm32.7-2018-q2-update.win32_1.0.0.201904181610/tools/bin/../lib/gcc/arm-none-eabi/7.3.1/../../../../arm-none-eabi/lib/thumb/v7e-m/fpv4-sp/hard\libc_nano.a(lib_a-memset.o)
[...]
Memory Configuration

Name             Origin             Length             Attributes
FLASH            0x0000000008000000 0x0000000000040000 xr
RAM              0x0000000020000000 0x0000000000018000 xrw
SRAM2            0x0000000010000000 0x0000000000008000 xrw
*default*        0x0000000000000000 0xffffffffffffffff

Linker script and memory map

LOAD c:/st/stm32cubeide_1.1.0/stm32cubeide/plugins/com.st.stm32cube.ide.mcu.externaltools.gnu-tools-for-stm32.7-2018-q2-update.win32_1.0.0.201904181610/tools/bin/../lib/gcc/arm-none-eabi/7.3.1/thumb/v7e-m/fpv4-sp/hard/crti.o
LOAD c:/st/stm32cubeide_1.1.0/stm32cubeide/plugins/com.st.stm32cube.ide.mcu.externaltools.gnu-tools-for-stm32.7-2018-q2-update.win32_1.0.0.201904181610/tools/bin/../lib/gcc/arm-none-eabi/7.3.1/thumb/v7e-m/fpv4-sp/hard/crtbegin.o
LOAD c:/st/stm32cubeide_1.1.0/stm32cubeide/plugins/com.st.stm32cube.ide.mcu.externaltools.gnu-tools-for-stm32.7-2018-q2-update.win32_1.0.0.201904181610/tools/bin/../lib/gcc/arm-none-eabi/7.3.1/../../../../arm-none-eabi/lib/thumb/v7e-m/fpv4-sp/hard/crt0.o
LOAD BLE_SampleApp/SW4STM32/startup_stm32l476xx.o
LOAD BLE_SampleApp/SW4STM32/syscalls.o
LOAD BLE_SampleApp/User/TargetPlatform.o
LOAD BLE_SampleApp/User/hci_tl_interface.o
LOAD BLE_SampleApp/User/main.o
LOAD BLE_SampleApp/User/sensor_service.o
LOAD BLE_SampleApp/User/stm32l4xx_hal_msp.o
LOAD BLE_SampleApp/User/stm32l4xx_it.o
LOAD BLE_SampleApp/User/usbd_cdc_interface.o
LOAD BLE_SampleApp/User/usbd_conf.o
LOAD BLE_SampleApp/User/usbd_desc.o
LOAD Drivers/BSP/Components/hts221.o
LOAD Drivers/BSP/Components/hts221_reg.o
LOAD Drivers/BSP/Components/lps22hb.o
LOAD Drivers/BSP/Components/lps22hb_reg.o
LOAD Drivers/BSP/SensorTile/SensorTile.o
LOAD Drivers/BSP/SensorTile/SensorTile_bus.o
LOAD Drivers/BSP/SensorTile/SensorTile_env_sensors.o
LOAD Drivers/BSP/SensorTile/SensorTile_env_sensors_ex.o
LOAD Drivers/CMSIS/system_stm32l4xx.o
LOAD Drivers/STM32L4xx_HAL_Driver/stm32l4xx_hal.o
LOAD Drivers/STM32L4xx_HAL_Driver/stm32l4xx_hal_adc.o
LOAD Drivers/STM32L4xx_HAL_Driver/stm32l4xx_hal_adc_ex.o
LOAD Drivers/STM32L4xx_HAL_Driver/stm32l4xx_hal_cortex.o
LOAD Drivers/STM32L4xx_HAL_Driver/stm32l4xx_hal_crc.o
LOAD Drivers/STM32L4xx_HAL_Driver/stm32l4xx_hal_crc_ex.o
LOAD Drivers/STM32L4xx_HAL_Driver/stm32l4xx_hal_dma.o
LOAD Drivers/STM32L4xx_HAL_Driver/stm32l4xx_hal_exti.o
LOAD Drivers/STM32L4xx_HAL_Driver/stm32l4xx_hal_flash.o
LOAD Drivers/STM32L4xx_HAL_Driver/stm32l4xx_hal_flash_ex.o
LOAD Drivers/STM32L4xx_HAL_Driver/stm32l4xx_hal_gpio.o
LOAD Drivers/STM32L4xx_HAL_Driver/stm32l4xx_hal_i2c.o
LOAD Drivers/STM32L4xx_HAL_Driver/stm32l4xx_hal_i2c_ex.o
LOAD Drivers/STM32L4xx_HAL_Driver/stm32l4xx_hal_pcd.o
LOAD Drivers/STM32L4xx_HAL_Driver/stm32l4xx_hal_pcd_ex.o
LOAD Drivers/STM32L4xx_HAL_Driver/stm32l4xx_hal_pwr.o
LOAD Drivers/STM32L4xx_HAL_Driver/stm32l4xx_hal_pwr_ex.o
LOAD Drivers/STM32L4xx_HAL_Driver/stm32l4xx_hal_rcc.o
LOAD Drivers/STM32L4xx_HAL_Driver/stm32l4xx_hal_rcc_ex.o
LOAD Drivers/STM32L4xx_HAL_Driver/stm32l4xx_hal_rtc.o
LOAD Drivers/STM32L4xx_HAL_Driver/stm32l4xx_hal_rtc_ex.o
LOAD Drivers/STM32L4xx_HAL_Driver/stm32l4xx_hal_spi.o
LOAD Drivers/STM32L4xx_HAL_Driver/stm32l4xx_hal_spi_ex.o
LOAD Drivers/STM32L4xx_HAL_Driver/stm32l4xx_hal_tim.o
LOAD Drivers/STM32L4xx_HAL_Driver/stm32l4xx_hal_tim_ex.o
LOAD Drivers/STM32L4xx_HAL_Driver/stm32l4xx_hal_uart.o
LOAD Drivers/STM32L4xx_HAL_Driver/stm32l4xx_hal_uart_ex.o
LOAD Drivers/STM32L4xx_HAL_Driver/stm32l4xx_ll_usb.o
LOAD Middlewares/STM32_USBD_Library/Class/CDC/usbd_cdc.o
LOAD Middlewares/STM32_USBD_Library/Core/usbd_core.o
LOAD Middlewares/STM32_USBD_Library/Core/usbd_ctlreq.o
LOAD Middlewares/STM32_USBD_Library/Core/usbd_ioreq.o
LOAD Middlewares/X-CUBE-BLE1_BlueNRG-MS/hci/controller/bluenrg_gap_aci.o
LOAD Middlewares/X-CUBE-BLE1_BlueNRG-MS/hci/controller/bluenrg_gatt_aci.o
LOAD Middlewares/X-CUBE-BLE1_BlueNRG-MS/hci/controller/bluenrg_hal_aci.o
LOAD Middlewares/X-CUBE-BLE1_BlueNRG-MS/hci/controller/bluenrg_l2cap_aci.o
LOAD Middlewares/X-CUBE-BLE1_BlueNRG-MS/hci/controller/bluenrg_updater_aci.o
LOAD Middlewares/X-CUBE-BLE1_BlueNRG-MS/hci/controller/bluenrg_utils_small.o
LOAD Middlewares/X-CUBE-BLE1_BlueNRG-MS/hci/hci_le.o
LOAD Middlewares/X-CUBE-BLE1_BlueNRG-MS/hci/hci_tl_patterns/Basic/hci_tl.o
LOAD Middlewares/X-CUBE-BLE1_BlueNRG-MS/utils/ble_list.o
START GROUP
LOAD c:/st/stm32cubeide_1.1.0/stm32cubeide/plugins/com.st.stm32cube.ide.mcu.externaltools.gnu-tools-for-stm32.7-2018-q2-update.win32_1.0.0.201904181610/tools/bin/../lib/gcc/arm-none-eabi/7.3.1/../../../../arm-none-eabi/lib/thumb/v7e-m/fpv4-sp/hard\libc_nano.a
LOAD c:/st/stm32cubeide_1.1.0/stm32cubeide/plugins/com.st.stm32cube.ide.mcu.externaltools.gnu-tools-for-stm32.7-2018-q2-update.win32_1.0.0.201904181610/tools/bin/../lib/gcc/arm-none-eabi/7.3.1/../../../../arm-none-eabi/lib/thumb/v7e-m/fpv4-sp/hard\libm.a
END GROUP
START GROUP
LOAD c:/st/stm32cubeide_1.1.0/stm32cubeide/plugins/com.st.stm32cube.ide.mcu.externaltools.gnu-tools-for-stm32.7-2018-q2-update.win32_1.0.0.201904181610/tools/bin/../lib/gcc/arm-none-eabi/7.3.1/thumb/v7e-m/fpv4-sp/hard\libgcc.a
LOAD c:/st/stm32cubeide_1.1.0/stm32cubeide/plugins/com.st.stm32cube.ide.mcu.externaltools.gnu-tools-for-stm32.7-2018-q2-update.win32_1.0.0.201904181610/tools/bin/../lib/gcc/arm-none-eabi/7.3.1/../../../../arm-none-eabi/lib/thumb/v7e-m/fpv4-sp/hard\libc_nano.a
END GROUP
START GROUP
LOAD c:/st/stm32cubeide_1.1.0/stm32cubeide/plugins/com.st.stm32cube.ide.mcu.externaltools.gnu-tools-for-stm32.7-2018-q2-update.win32_1.0.0.201904181610/tools/bin/../lib/gcc/arm-none-eabi/7.3.1/thumb/v7e-m/fpv4-sp/hard\libgcc.a
LOAD c:/st/stm32cubeide_1.1.0/stm32cubeide/plugins/com.st.stm32cube.ide.mcu.externaltools.gnu-tools-for-stm32.7-2018-q2-update.win32_1.0.0.201904181610/tools/bin/../lib/gcc/arm-none-eabi/7.3.1/../../../../arm-none-eabi/lib/thumb/v7e-m/fpv4-sp/hard\libc_nano.a
END GROUP
LOAD c:/st/stm32cubeide_1.1.0/stm32cubeide/plugins/com.st.stm32cube.ide.mcu.externaltools.gnu-tools-for-stm32.7-2018-q2-update.win32_1.0.0.201904181610/tools/bin/../lib/gcc/arm-none-eabi/7.3.1/thumb/v7e-m/fpv4-sp/hard/crtend.o
LOAD c:/st/stm32cubeide_1.1.0/stm32cubeide/plugins/com.st.stm32cube.ide.mcu.externaltools.gnu-tools-for-stm32.7-2018-q2-update.win32_1.0.0.201904181610/tools/bin/../lib/gcc/arm-none-eabi/7.3.1/thumb/v7e-m/fpv4-sp/hard/crtn.o
                0x0000000020018000                _estack = 0x20018000
                0x0000000000000800                _Min_Heap_Size = 0x800
                0x0000000000008000                _Min_Stack_Size = 0x8000

.isr_vector     0x0000000008000000      0x188
                0x0000000008000000                . = ALIGN (0x8)
 *(.isr_vector)
 .isr_vector    0x0000000008000000      0x188 BLE_SampleApp/SW4STM32/startup_stm32l476xx.o
                0x0000000008000000                g_pfnVectors
                0x0000000008000188                . = ALIGN (0x8)

.text           0x0000000008000190     0x8e38
                0x0000000008000190                . = ALIGN (0x8)
 *(.text)
 .text          0x0000000008000190       0x40 c:/st/stm32cubeide_1.1.0/stm32cubeide/plugins/com.st.stm32cube.ide.mcu.externaltools.gnu-tools-for-stm32.7-2018-q2-update.win32_1.0.0.201904181610/tools/bin/../lib/gcc/arm-none-eabi/7.3.1/thumb/v7e-m/fpv4-sp/hard/crtbegin.o
 .text          0x00000000080001d0       0xa0 c:/st/stm32cubeide_1.1.0/stm32cubeide/plugins/com.st.stm32cube.ide.mcu.externaltools.gnu-tools-for-stm32.7-2018-q2-update.win32_1.0.0.201904181610/tools/bin/../lib/gcc/arm-none-eabi/7.3.1/../../../../arm-none-eabi/lib/thumb/v7e-m/fpv4-sp/hard\libc_nano.a(lib_a-memchr.o)
                0x00000000080001d0                memchr
 *(.text*)
 .text.Reset_Handler
                0x0000000008000270       0x50 BLE_SampleApp/SW4STM32/startup_stm32l476xx.o
                0x0000000008000270                Reset_Handler
 .text.Default_Handler
                0x00000000080002c0        0x2 BLE_SampleApp/SW4STM32/startup_stm32l476xx.o
                0x00000000080002c0                RTC_Alarm_IRQHandler
                0x00000000080002c0                EXTI2_IRQHandler
                0x00000000080002c0                TIM8_TRG_COM_IRQHandler
                0x00000000080002c0                TIM8_CC_IRQHandler
                0x00000000080002c0                TSC_IRQHandler
                0x00000000080002c0                TAMP_STAMP_IRQHandler
                0x00000000080002c0                EXTI3_IRQHandler
                0x00000000080002c0                LPTIM2_IRQHandler
                0x00000000080002c0                DFSDM1_FLT1_IRQHandler
                0x00000000080002c0                DFSDM1_FLT2_IRQHandler
                0x00000000080002c0                EXTI0_IRQHandler
                0x00000000080002c0                I2C2_EV_IRQHandler
                0x00000000080002c0                CAN1_RX0_IRQHandler
                0x00000000080002c0                FPU_IRQHandler
                0x00000000080002c0                TIM1_UP_TIM16_IRQHandler
                0x00000000080002c0                ADC1_2_IRQHandler
                0x00000000080002c0                SPI1_IRQHandler
                0x00000000080002c0                TIM6_DAC_IRQHandler
                0x00000000080002c0                TIM8_UP_IRQHandler
                0x00000000080002c0                DMA2_Channel2_IRQHandler
                0x00000000080002c0                DMA1_Channel4_IRQHandler
                0x00000000080002c0                SAI2_IRQHandler
                0x00000000080002c0                DFSDM1_FLT3_IRQHandler
                0x00000000080002c0                USART3_IRQHandler
                0x00000000080002c0                DMA1_Channel7_IRQHandler
                0x00000000080002c0                CAN1_RX1_IRQHandler
                0x00000000080002c0                LCD_IRQHandler
                0x00000000080002c0                UART5_IRQHandler
                0x00000000080002c0                ADC3_IRQHandler
                0x00000000080002c0                TIM4_IRQHandler
                0x00000000080002c0                DMA2_Channel1_IRQHandler
                0x00000000080002c0                QUADSPI_IRQHandler
                0x00000000080002c0                I2C1_EV_IRQHandler
                0x00000000080002c0                DMA1_Channel6_IRQHandler
                0x00000000080002c0                UART4_IRQHandler
                0x00000000080002c0                DMA2_Channel4_IRQHandler
                0x00000000080002c0                RCC_IRQHandler
                0x00000000080002c0                DMA1_Channel1_IRQHandler
                0x00000000080002c0                Default_Handler
                0x00000000080002c0                DMA2_Channel7_IRQHandler
                0x00000000080002c0                EXTI15_10_IRQHandler
                0x00000000080002c0                TIM7_IRQHandler
                0x00000000080002c0                SDMMC1_IRQHandler
                0x00000000080002c0                TIM5_IRQHandler
                0x00000000080002c0                RTC_WKUP_IRQHandler
                0x00000000080002c0                PVD_PVM_IRQHandler
                0x00000000080002c0                SPI2_IRQHandler
                0x00000000080002c0                CAN1_TX_IRQHandler
                0x00000000080002c0                DMA2_Channel5_IRQHandler
                0x00000000080002c0                DMA1_Channel5_IRQHandler
                0x00000000080002c0                EXTI4_IRQHandler
                0x00000000080002c0                RNG_IRQHandler
                0x00000000080002c0                TIM1_TRG_COM_TIM17_IRQHandler
                0x00000000080002c0                DMA1_Channel3_IRQHandler
                0x00000000080002c0                COMP_IRQHandler
                0x00000000080002c0                WWDG_IRQHandler
                0x00000000080002c0                LPUART1_IRQHandler
                0x00000000080002c0                DMA2_Channel6_IRQHandler
                0x00000000080002c0                TIM2_IRQHandler
                0x00000000080002c0                EXTI1_IRQHandler
                0x00000000080002c0                USART2_IRQHandler
                0x00000000080002c0                DFSDM1_FLT0_IRQHandler
                0x00000000080002c0                I2C2_ER_IRQHandler
                0x00000000080002c0                DMA1_Channel2_IRQHandler
                0x00000000080002c0                TIM8_BRK_IRQHandler
                0x00000000080002c0                CAN1_SCE_IRQHandler
                0x00000000080002c0                FLASH_IRQHandler
                0x00000000080002c0                USART1_IRQHandler
                0x00000000080002c0                SPI3_IRQHandler
                0x00000000080002c0                I2C1_ER_IRQHandler
                0x00000000080002c0                FMC_IRQHandler
                0x00000000080002c0                SWPMI1_IRQHandler
                0x00000000080002c0                LPTIM1_IRQHandler
                0x00000000080002c0                SAI1_IRQHandler
                0x00000000080002c0                DMA2_Channel3_IRQHandler
                0x00000000080002c0                TIM1_BRK_TIM15_IRQHandler
 *fill*         0x00000000080002c2        0x2 
 .text._sbrk    0x00000000080002c4       0x40 BLE_SampleApp/SW4STM32/syscalls.o
                0x00000000080002c4                _sbrk
 .text._write   0x0000000008000304       0x1c BLE_SampleApp/SW4STM32/syscalls.o
                0x0000000008000304                _write
 .text._close   0x0000000008000320        0x6 BLE_SampleApp/SW4STM32/syscalls.o
                0x0000000008000320                _close
 .text._fstat   0x0000000008000326        0xa BLE_SampleApp/SW4STM32/syscalls.o
                0x0000000008000326                _fstat
 .text._isatty  0x0000000008000330        0x4 BLE_SampleApp/SW4STM32/syscalls.o
                0x0000000008000330                _isatty
 .text._lseek   0x0000000008000334        0x4 BLE_SampleApp/SW4STM32/syscalls.o
                0x0000000008000334                _lseek
 .text._read    0x0000000008000338        0xe BLE_SampleApp/SW4STM32/syscalls.o
                0x0000000008000338                _read
 *fill*         0x0000000008000346        0x2 
 .text.InitTargetPlatform
                0x0000000008000348      0x18c BLE_SampleApp/User/TargetPlatform.o
                0x0000000008000348                InitTargetPlatform
 .text.LedOnTargetPlatform
                0x00000000080004d4        0x6 BLE_SampleApp/User/TargetPlatform.o
                0x00000000080004d4                LedOnTargetPlatform
 .text.LedOffTargetPlatform
                0x00000000080004da        0x6 BLE_SampleApp/User/TargetPlatform.o
                0x00000000080004da                LedOffTargetPlatform
 .text.HCI_TL_SPI_Init
                0x00000000080004e0       0xac BLE_SampleApp/User/hci_tl_interface.o
                0x00000000080004e0                HCI_TL_SPI_Init
 .text.HCI_TL_SPI_DeInit
                0x000000000800058c       0x2c BLE_SampleApp/User/hci_tl_interface.o
                0x000000000800058c                HCI_TL_SPI_DeInit
 .text.HCI_TL_SPI_Reset
                0x00000000080005b8       0x2c BLE_SampleApp/User/hci_tl_interface.o
                0x00000000080005b8                HCI_TL_SPI_Reset
 .text.HCI_TL_SPI_Receive
                0x00000000080005e4       0x80 BLE_SampleApp/User/hci_tl_interface.o
                0x00000000080005e4                HCI_TL_SPI_Receive
 .text.HCI_TL_SPI_Send
                0x0000000008000664       0x8c BLE_SampleApp/User/hci_tl_interface.o
                0x0000000008000664                HCI_TL_SPI_Send
 .text.hci_tl_lowlevel_isr
                0x00000000080006f0       0x2c BLE_SampleApp/User/hci_tl_interface.o
                0x00000000080006f0                hci_tl_lowlevel_isr
 .text.hci_tl_lowlevel_init
                0x000000000800071c       0x70 BLE_SampleApp/User/hci_tl_interface.o
                0x000000000800071c                hci_tl_lowlevel_init
 .text.HAL_TIM_OC_DelayElapsedCallback
                0x000000000800078c       0x28 BLE_SampleApp/User/main.o
                0x000000000800078c                HAL_TIM_OC_DelayElapsedCallback
 .text.HAL_TIM_PeriodElapsedCallback
                0x00000000080007b4       0x10 BLE_SampleApp/User/main.o
                0x00000000080007b4                HAL_TIM_PeriodElapsedCallback
 .text.HAL_Delay
                0x00000000080007c4       0x1e BLE_SampleApp/User/main.o
                0x00000000080007c4                HAL_Delay
 *fill*         0x00000000080007e2        0x2 
 .text.startup.main
                0x00000000080007e4      0x5e0 BLE_SampleApp/User/main.o
                0x00000000080007e4                main
 .text.Error_Handler
                0x0000000008000dc4        0x2 BLE_SampleApp/User/main.o
                0x0000000008000dc4                Error_Handler
 *fill*         0x0000000008000dc6        0x2 
 .text.Make_Connection
                0x0000000008000dc8       0xe8 BLE_SampleApp/User/sensor_service.o
                0x0000000008000dc8                Make_Connection
 .text.startReadTXCharHandle
                0x0000000008000eb0       0x58 BLE_SampleApp/User/sensor_service.o
                0x0000000008000eb0                startReadTXCharHandle
 .text.startReadRXCharHandle
                0x0000000008000f08       0x58 BLE_SampleApp/User/sensor_service.o
                0x0000000008000f08                startReadRXCharHandle
 .text.enableNotification
                0x0000000008000f60       0x5c BLE_SampleApp/User/sensor_service.o
                0x0000000008000f60                enableNotification
 .text.sendData
                0x0000000008000fbc       0x58 BLE_SampleApp/User/sensor_service.o
                0x0000000008000fbc                sendData
 .text.receiveData
                0x0000000008001014       0x6c BLE_SampleApp/User/sensor_service.o
                0x0000000008001014                receiveData
 .text.Add_Sample_Service
                0x0000000008001080       0xf0 BLE_SampleApp/User/sensor_service.o
                0x0000000008001080                Add_Sample_Service
 .text.Attribute_Modified_CB
                0x0000000008001170       0x34 BLE_SampleApp/User/sensor_service.o
                0x0000000008001170                Attribute_Modified_CB
 .text.GAP_ConnectionComplete_CB
                0x00000000080011a4       0x64 BLE_SampleApp/User/sensor_service.o
                0x00000000080011a4                GAP_ConnectionComplete_CB
 .text.GAP_DisconnectionComplete_CB
                0x0000000008001208       0x3c BLE_SampleApp/User/sensor_service.o
                0x0000000008001208                GAP_DisconnectionComplete_CB
 .text.GATT_Notification_CB
                0x0000000008001244       0x18 BLE_SampleApp/User/sensor_service.o
                0x0000000008001244                GATT_Notification_CB
 .text.user_notify
                0x000000000800125c       0xec BLE_SampleApp/User/sensor_service.o
                0x000000000800125c                user_notify
 .text.HAL_PCD_MspInit
                0x0000000008001348       0x64 BLE_SampleApp/User/stm32l4xx_hal_msp.o
                0x0000000008001348                HAL_PCD_MspInit
 .text.HAL_TIM_Base_MspInit
                0x00000000080013ac       0x70 BLE_SampleApp/User/stm32l4xx_hal_msp.o
                0x00000000080013ac                HAL_TIM_Base_MspInit
 .text.HAL_TIM_OC_MspInit
                0x000000000800141c       0x30 BLE_SampleApp/User/stm32l4xx_hal_msp.o
                0x000000000800141c                HAL_TIM_OC_MspInit
 .text.NMI_Handler
                0x000000000800144c        0x2 BLE_SampleApp/User/stm32l4xx_it.o
                0x000000000800144c                NMI_Handler
 .text.HardFault_Handler
                0x000000000800144e        0x2 BLE_SampleApp/User/stm32l4xx_it.o
                0x000000000800144e                HardFault_Handler
 .text.MemManage_Handler
                0x0000000008001450        0x2 BLE_SampleApp/User/stm32l4xx_it.o
                0x0000000008001450                MemManage_Handler
 .text.BusFault_Handler
                0x0000000008001452        0x2 BLE_SampleApp/User/stm32l4xx_it.o
                0x0000000008001452                BusFault_Handler
 .text.UsageFault_Handler
                0x0000000008001454        0x2 BLE_SampleApp/User/stm32l4xx_it.o
                0x0000000008001454                UsageFault_Handler
 .text.SVC_Handler
                0x0000000008001456        0x2 BLE_SampleApp/User/stm32l4xx_it.o
                0x0000000008001456                SVC_Handler
 .text.DebugMon_Handler
                0x0000000008001458        0x2 BLE_SampleApp/User/stm32l4xx_it.o
                0x0000000008001458                DebugMon_Handler
 .text.PendSV_Handler
                0x000000000800145a        0x2 BLE_SampleApp/User/stm32l4xx_it.o
                0x000000000800145a                PendSV_Handler
 .text.SysTick_Handler
                0x000000000800145c        0xe BLE_SampleApp/User/stm32l4xx_it.o
                0x000000000800145c                SysTick_Handler
 *fill*         0x000000000800146a        0x2 
 .text.TIM1_CC_IRQHandler
                0x000000000800146c        0xc BLE_SampleApp/User/stm32l4xx_it.o
                0x000000000800146c                TIM1_CC_IRQHandler
 .text.EXTI9_5_IRQHandler
                0x0000000008001478        0xc BLE_SampleApp/User/stm32l4xx_it.o
                0x0000000008001478                EXTI9_5_IRQHandler
 .text.OTG_FS_IRQHandler
                0x0000000008001484        0xc BLE_SampleApp/User/stm32l4xx_it.o
                0x0000000008001484                OTG_FS_IRQHandler
 .text.TIM3_IRQHandler
                0x0000000008001490        0xc BLE_SampleApp/User/stm32l4xx_it.o
                0x0000000008001490                TIM3_IRQHandler
 .text.I2C3_EV_IRQHandler
                0x000000000800149c        0xc BLE_SampleApp/User/stm32l4xx_it.o
                0x000000000800149c                I2C3_EV_IRQHandler
 .text.I2C3_ER_IRQHandler
                0x00000000080014a8        0xc BLE_SampleApp/User/stm32l4xx_it.o
                0x00000000080014a8                I2C3_ER_IRQHandler
 .text.CDC_Itf_DeInit
                0x00000000080014b4        0x4 BLE_SampleApp/User/usbd_cdc_interface.o
 .text.CDC_Itf_Receive
                0x00000000080014b8        0x4 BLE_SampleApp/User/usbd_cdc_interface.o
 .text.CDC_Itf_Init
                0x00000000080014bc       0x84 BLE_SampleApp/User/usbd_cdc_interface.o
 .text.CDC_Itf_Control
                0x0000000008001540       0x48 BLE_SampleApp/User/usbd_cdc_interface.o
 .text.CDC_Fill_Buffer
                0x0000000008001588       0x30 BLE_SampleApp/User/usbd_cdc_interface.o
                0x0000000008001588                CDC_Fill_Buffer
 .text.CDC_TIM_PeriodElapsedCallback
                0x00000000080015b8       0x44 BLE_SampleApp/User/usbd_cdc_interface.o
                0x00000000080015b8                CDC_TIM_PeriodElapsedCallback
 .text.HAL_PCD_SetupStageCallback
                0x00000000080015fc        0xc BLE_SampleApp/User/usbd_conf.o
                0x00000000080015fc                HAL_PCD_SetupStageCallback
 .text.HAL_PCD_DataOutStageCallback
                0x0000000008001608       0x12 BLE_SampleApp/User/usbd_conf.o
                0x0000000008001608                HAL_PCD_DataOutStageCallback
 .text.HAL_PCD_DataInStageCallback
                0x000000000800161a       0x10 BLE_SampleApp/User/usbd_conf.o
                0x000000000800161a                HAL_PCD_DataInStageCallback
 .text.HAL_PCD_SOFCallback
                0x000000000800162a        0x8 BLE_SampleApp/User/usbd_conf.o
                0x000000000800162a                HAL_PCD_SOFCallback
 .text.HAL_PCD_ResetCallback
                0x0000000008001632       0x1a BLE_SampleApp/User/usbd_conf.o
                0x0000000008001632                HAL_PCD_ResetCallback
 .text.HAL_PCD_SuspendCallback
                0x000000000800164c        0x8 BLE_SampleApp/User/usbd_conf.o
                0x000000000800164c                HAL_PCD_SuspendCallback
 .text.HAL_PCD_ResumeCallback
                0x0000000008001654        0x8 BLE_SampleApp/User/usbd_conf.o
                0x0000000008001654                HAL_PCD_ResumeCallback
 .text.HAL_PCD_ISOOUTIncompleteCallback
                0x000000000800165c        0x8 BLE_SampleApp/User/usbd_conf.o
                0x000000000800165c                HAL_PCD_ISOOUTIncompleteCallback
 .text.HAL_PCD_ISOINIncompleteCallback
                0x0000000008001664        0x8 BLE_SampleApp/User/usbd_conf.o
                0x0000000008001664                HAL_PCD_ISOINIncompleteCallback
 .text.HAL_PCD_ConnectCallback
                0x000000000800166c        0x8 BLE_SampleApp/User/usbd_conf.o
                0x000000000800166c                HAL_PCD_ConnectCallback
 .text.HAL_PCD_DisconnectCallback
                0x0000000008001674        0x8 BLE_SampleApp/User/usbd_conf.o
                0x0000000008001674                HAL_PCD_DisconnectCallback
 .text.USBD_LL_Init
                0x000000000800167c       0x5c BLE_SampleApp/User/usbd_conf.o
                0x000000000800167c                USBD_LL_Init
 .text.USBD_LL_Start
                0x00000000080016d8        0xe BLE_SampleApp/User/usbd_conf.o
                0x00000000080016d8                USBD_LL_Start
 .text.USBD_LL_OpenEP
                0x00000000080016e6       0x14 BLE_SampleApp/User/usbd_conf.o
                0x00000000080016e6                USBD_LL_OpenEP
 .text.USBD_LL_CloseEP
                0x00000000080016fa        0xe BLE_SampleApp/User/usbd_conf.o
                0x00000000080016fa                USBD_LL_CloseEP
 .text.USBD_LL_StallEP
                0x0000000008001708        0xe BLE_SampleApp/User/usbd_conf.o
                0x0000000008001708                USBD_LL_StallEP
 .text.USBD_LL_ClearStallEP
                0x0000000008001716        0xe BLE_SampleApp/User/usbd_conf.o
                0x0000000008001716                USBD_LL_ClearStallEP
 .text.USBD_LL_IsStallEP
                0x0000000008001724       0x26 BLE_SampleApp/User/usbd_conf.o
                0x0000000008001724                USBD_LL_IsStallEP
 .text.USBD_LL_SetUSBAddress
                0x000000000800174a        0xe BLE_SampleApp/User/usbd_conf.o
                0x000000000800174a                USBD_LL_SetUSBAddress
 .text.USBD_LL_Transmit
                0x0000000008001758        0xe BLE_SampleApp/User/usbd_conf.o
                0x0000000008001758                USBD_LL_Transmit
 .text.USBD_LL_PrepareReceive
                0x0000000008001766        0xe BLE_SampleApp/User/usbd_conf.o
                0x0000000008001766                USBD_LL_PrepareReceive
 .text.USBD_LL_GetRxDataSize
                0x0000000008001774        0xc BLE_SampleApp/User/usbd_conf.o
                0x0000000008001774                USBD_LL_GetRxDataSize
 .text.USBD_VCP_DeviceDescriptor
                0x0000000008001780        0xc BLE_SampleApp/User/usbd_desc.o
                0x0000000008001780                USBD_VCP_DeviceDescriptor
 .text.USBD_VCP_LangIDStrDescriptor
                0x000000000800178c        0xc BLE_SampleApp/User/usbd_desc.o
                0x000000000800178c                USBD_VCP_LangIDStrDescriptor
 .text.IntToUnicode
                0x0000000008001798       0x2a BLE_SampleApp/User/usbd_desc.o
 *fill*         0x00000000080017c2        0x2 
 .text.USBD_VCP_SerialStrDescriptor
                0x00000000080017c4       0x40 BLE_SampleApp/User/usbd_desc.o
                0x00000000080017c4                USBD_VCP_SerialStrDescriptor
 .text.USBD_VCP_ProductStrDescriptor
                0x0000000008001804       0x1c BLE_SampleApp/User/usbd_desc.o
                0x0000000008001804                USBD_VCP_ProductStrDescriptor
 .text.USBD_VCP_ManufacturerStrDescriptor
                0x0000000008001820       0x1c BLE_SampleApp/User/usbd_desc.o
                0x0000000008001820                USBD_VCP_ManufacturerStrDescriptor
 .text.USBD_VCP_ConfigStrDescriptor
                0x000000000800183c       0x1c BLE_SampleApp/User/usbd_desc.o
                0x000000000800183c                USBD_VCP_ConfigStrDescriptor
 .text.USBD_VCP_InterfaceStrDescriptor
                0x0000000008001858       0x1c BLE_SampleApp/User/usbd_desc.o
                0x0000000008001858                USBD_VCP_InterfaceStrDescriptor
 .text.HTS221_GetCapabilities
                0x0000000008001874       0x18 Drivers/BSP/Components/hts221.o
                0x0000000008001874                HTS221_GetCapabilities
 .text.HTS221_SetOutputDataRate
                0x000000000800188c       0x36 Drivers/BSP/Components/hts221.o
 .text.HTS221_Init
                0x00000000080018c2       0x42 Drivers/BSP/Components/hts221.o
                0x00000000080018c2                HTS221_Init
 .text.HTS221_HUM_SetOutputDataRate
                0x0000000008001904        0x4 Drivers/BSP/Components/hts221.o
                0x0000000008001904                HTS221_HUM_SetOutputDataRate
 .text.HTS221_ReadID
                0x0000000008001908       0x12 Drivers/BSP/Components/hts221.o
                0x0000000008001908                HTS221_ReadID
 *fill*         0x000000000800191a        0x2 
 .text.HTS221_GetOutputDataRate
                0x000000000800191c       0x44 Drivers/BSP/Components/hts221.o
 .text.HTS221_HUM_GetOutputDataRate
                0x0000000008001960        0x4 Drivers/BSP/Components/hts221.o
                0x0000000008001960                HTS221_HUM_GetOutputDataRate
 .text.HTS221_HUM_GetHumidity
                0x0000000008001964       0xe4 Drivers/BSP/Components/hts221.o
                0x0000000008001964                HTS221_HUM_GetHumidity
 .text.ReadRegWrap
                0x0000000008001a48       0x1c Drivers/BSP/Components/hts221.o
 .text.WriteRegWrap
                0x0000000008001a64       0x1c Drivers/BSP/Components/hts221.o
 .text.HTS221_HUM_Enable
                0x0000000008001a80       0x2e Drivers/BSP/Components/hts221.o
                0x0000000008001a80                HTS221_HUM_Enable
 .text.HTS221_HUM_Disable
                0x0000000008001aae       0x2a Drivers/BSP/Components/hts221.o
                0x0000000008001aae                HTS221_HUM_Disable
 .text.HTS221_TEMP_Enable
                0x0000000008001ad8       0x2e Drivers/BSP/Components/hts221.o
                0x0000000008001ad8                HTS221_TEMP_Enable
 .text.HTS221_TEMP_Disable
                0x0000000008001b06       0x2a Drivers/BSP/Components/hts221.o
                0x0000000008001b06                HTS221_TEMP_Disable
 .text.HTS221_DeInit
                0x0000000008001b30       0x2c Drivers/BSP/Components/hts221.o
                0x0000000008001b30                HTS221_DeInit
 .text.HTS221_TEMP_SetOutputDataRate
                0x0000000008001b5c        0x4 Drivers/BSP/Components/hts221.o
                0x0000000008001b5c                HTS221_TEMP_SetOutputDataRate
 .text.HTS221_TEMP_GetOutputDataRate
                0x0000000008001b60        0x4 Drivers/BSP/Components/hts221.o
                0x0000000008001b60                HTS221_TEMP_GetOutputDataRate
 .text.HTS221_TEMP_GetTemperature
                0x0000000008001b64       0xb2 Drivers/BSP/Components/hts221.o
                0x0000000008001b64                HTS221_TEMP_GetTemperature
 *fill*         0x0000000008001c16        0x2 
 .text.HTS221_RegisterBusIO
                0x0000000008001c18       0x3c Drivers/BSP/Components/hts221.o
                0x0000000008001c18                HTS221_RegisterBusIO
 .text.hts221_read_reg
                0x0000000008001c54        0xe Drivers/BSP/Components/hts221_reg.o
                0x0000000008001c54                hts221_read_reg
 .text.hts221_write_reg
                0x0000000008001c62        0xe Drivers/BSP/Components/hts221_reg.o
                0x0000000008001c62                hts221_write_reg
 .text.hts221_data_rate_set
                0x0000000008001c70       0x2e Drivers/BSP/Components/hts221_reg.o
                0x0000000008001c70                hts221_data_rate_set
 .text.hts221_data_rate_get
                0x0000000008001c9e       0x3a Drivers/BSP/Components/hts221_reg.o
                0x0000000008001c9e                hts221_data_rate_get
 .text.hts221_block_data_update_set
                0x0000000008001cd8       0x2e Drivers/BSP/Components/hts221_reg.o
                0x0000000008001cd8                hts221_block_data_update_set
 .text.hts221_humidity_raw_get
                0x0000000008001d06        0xa Drivers/BSP/Components/hts221_reg.o
                0x0000000008001d06                hts221_humidity_raw_get
 .text.hts221_temperature_raw_get
                0x0000000008001d10        0xa Drivers/BSP/Components/hts221_reg.o
                0x0000000008001d10                hts221_temperature_raw_get
 .text.hts221_device_id_get
                0x0000000008001d1a        0xa Drivers/BSP/Components/hts221_reg.o
                0x0000000008001d1a                hts221_device_id_get
 .text.hts221_power_on_set
                0x0000000008001d24       0x2e Drivers/BSP/Components/hts221_reg.o
                0x0000000008001d24                hts221_power_on_set
 .text.hts221_hum_rh_point_0_get
                0x0000000008001d52       0x16 Drivers/BSP/Components/hts221_reg.o
                0x0000000008001d52                hts221_hum_rh_point_0_get
 .text.hts221_hum_rh_point_1_get
                0x0000000008001d68       0x16 Drivers/BSP/Components/hts221_reg.o
                0x0000000008001d68                hts221_hum_rh_point_1_get
 .text.hts221_temp_deg_point_0_get
                0x0000000008001d7e       0x38 Drivers/BSP/Components/hts221_reg.o
                0x0000000008001d7e                hts221_temp_deg_point_0_get
 .text.hts221_temp_deg_point_1_get
                0x0000000008001db6       0x38 Drivers/BSP/Components/hts221_reg.o
                0x0000000008001db6                hts221_temp_deg_point_1_get
 .text.hts221_hum_adc_point_0_get
                0x0000000008001dee        0xa Drivers/BSP/Components/hts221_reg.o
                0x0000000008001dee                hts221_hum_adc_point_0_get
 .text.hts221_hum_adc_point_1_get
                0x0000000008001df8        0xa Drivers/BSP/Components/hts221_reg.o
                0x0000000008001df8                hts221_hum_adc_point_1_get
 .text.hts221_temp_adc_point_0_get
                0x0000000008001e02        0xa Drivers/BSP/Components/hts221_reg.o
                0x0000000008001e02                hts221_temp_adc_point_0_get
 .text.hts221_temp_adc_point_1_get
                0x0000000008001e0c        0xa Drivers/BSP/Components/hts221_reg.o
                0x0000000008001e0c                hts221_temp_adc_point_1_get
 *fill*         0x0000000008001e16        0x2 
 .text.LPS22HB_GetCapabilities
                0x0000000008001e18       0x18 Drivers/BSP/Components/lps22hb.o
                0x0000000008001e18                LPS22HB_GetCapabilities
 .text.LPS22HB_Init
                0x0000000008001e30       0x64 Drivers/BSP/Components/lps22hb.o
                0x0000000008001e30                LPS22HB_Init
 .text.LPS22HB_ReadID
                0x0000000008001e94       0x12 Drivers/BSP/Components/lps22hb.o
                0x0000000008001e94                LPS22HB_ReadID
 *fill*         0x0000000008001ea6        0x2 
 .text.LPS22HB_GetOutputDataRate
                0x0000000008001ea8       0x58 Drivers/BSP/Components/lps22hb.o
 .text.LPS22HB_PRESS_GetOutputDataRate
                0x0000000008001f00        0x4 Drivers/BSP/Components/lps22hb.o
                0x0000000008001f00                LPS22HB_PRESS_GetOutputDataRate
 .text.LPS22HB_SetOutputDataRate_When_Enabled
                0x0000000008001f04       0x78 Drivers/BSP/Components/lps22hb.o
 .text.LPS22HB_PRESS_GetPressure
                0x0000000008001f7c       0x28 Drivers/BSP/Components/lps22hb.o
                0x0000000008001f7c                LPS22HB_PRESS_GetPressure
 .text.LPS22HB_TEMP_GetTemperature
                0x0000000008001fa4       0x3c Drivers/BSP/Components/lps22hb.o
                0x0000000008001fa4                LPS22HB_TEMP_GetTemperature
 .text.LPS22HB_TEMP_SetOutputDataRate
                0x0000000008001fe0       0x64 Drivers/BSP/Components/lps22hb.o
                0x0000000008001fe0                LPS22HB_TEMP_SetOutputDataRate
 .text.ReadRegWrap
                0x0000000008002044       0x42 Drivers/BSP/Components/lps22hb.o
 .text.WriteRegWrap
                0x0000000008002086       0x42 Drivers/BSP/Components/lps22hb.o
 .text.LPS22HB_PRESS_Enable
                0x00000000080020c8       0x2a Drivers/BSP/Components/lps22hb.o
                0x00000000080020c8                LPS22HB_PRESS_Enable
 .text.LPS22HB_TEMP_Enable
                0x00000000080020f2       0x2a Drivers/BSP/Components/lps22hb.o
                0x00000000080020f2                LPS22HB_TEMP_Enable
 .text.LPS22HB_PRESS_Disable
                0x000000000800211c       0x3c Drivers/BSP/Components/lps22hb.o
                0x000000000800211c                LPS22HB_PRESS_Disable
 .text.LPS22HB_TEMP_Disable
                0x0000000008002158       0x3c Drivers/BSP/Components/lps22hb.o
                0x0000000008002158                LPS22HB_TEMP_Disable
 .text.LPS22HB_DeInit
                0x0000000008002194       0x2c Drivers/BSP/Components/lps22hb.o
                0x0000000008002194                LPS22HB_DeInit
 .text.LPS22HB_TEMP_GetOutputDataRate
                0x00000000080021c0        0x4 Drivers/BSP/Components/lps22hb.o
                0x00000000080021c0                LPS22HB_TEMP_GetOutputDataRate
 .text.LPS22HB_PRESS_SetOutputDataRate
                0x00000000080021c4       0x64 Drivers/BSP/Components/lps22hb.o
                0x00000000080021c4                LPS22HB_PRESS_SetOutputDataRate
 .text.LPS22HB_Write_Reg
                0x0000000008002228       0x1e Drivers/BSP/Components/lps22hb.o
                0x0000000008002228                LPS22HB_Write_Reg
 *fill*         0x0000000008002246        0x2 
 .text.LPS22HB_RegisterBusIO
                0x0000000008002248       0x68 Drivers/BSP/Components/lps22hb.o
                0x0000000008002248                LPS22HB_RegisterBusIO
 .text.lps22hb_read_reg
                0x00000000080022b0        0xe Drivers/BSP/Components/lps22hb_reg.o
                0x00000000080022b0                lps22hb_read_reg
 .text.lps22hb_write_reg
                0x00000000080022be        0xe Drivers/BSP/Components/lps22hb_reg.o
                0x00000000080022be                lps22hb_write_reg
 .text.lps22hb_block_data_update_set
                0x00000000080022cc       0x2c Drivers/BSP/Components/lps22hb_reg.o
                0x00000000080022cc                lps22hb_block_data_update_set
 .text.lps22hb_low_pass_filter_mode_set
                0x00000000080022f8       0x2c Drivers/BSP/Components/lps22hb_reg.o
                0x00000000080022f8                lps22hb_low_pass_filter_mode_set
 .text.lps22hb_data_rate_set
                0x0000000008002324       0x2c Drivers/BSP/Components/lps22hb_reg.o
                0x0000000008002324                lps22hb_data_rate_set
 .text.lps22hb_data_rate_get
                0x0000000008002350       0x1c Drivers/BSP/Components/lps22hb_reg.o
                0x0000000008002350                lps22hb_data_rate_get
 .text.lps22hb_pressure_raw_get
                0x000000000800236c        0xa Drivers/BSP/Components/lps22hb_reg.o
                0x000000000800236c                lps22hb_pressure_raw_get
 .text.lps22hb_temperature_raw_get
                0x0000000008002376        0xa Drivers/BSP/Components/lps22hb_reg.o
                0x0000000008002376                lps22hb_temperature_raw_get
 .text.lps22hb_device_id_get
                0x0000000008002380        0xa Drivers/BSP/Components/lps22hb_reg.o
                0x0000000008002380                lps22hb_device_id_get
 .text.lps22hb_boot_set
                0x000000000800238a       0x2c Drivers/BSP/Components/lps22hb_reg.o
                0x000000000800238a                lps22hb_boot_set
 .text.lps22hb_low_power_set
                0x00000000080023b6       0x2c Drivers/BSP/Components/lps22hb_reg.o
                0x00000000080023b6                lps22hb_low_power_set
 .text.lps22hb_i2c_interface_set
                0x00000000080023e2       0x2c Drivers/BSP/Components/lps22hb_reg.o
                0x00000000080023e2                lps22hb_i2c_interface_set
 .text.lps22hb_auto_add_inc_set
                0x000000000800240e       0x2c Drivers/BSP/Components/lps22hb_reg.o
                0x000000000800240e                lps22hb_auto_add_inc_set
 *fill*         0x000000000800243a        0x2 
 .text.BSP_LED_Init
                0x000000000800243c       0x7c Drivers/BSP/SensorTile/SensorTile.o
                0x000000000800243c                BSP_LED_Init
 .text.BSP_LED_On
                0x00000000080024b8       0x28 Drivers/BSP/SensorTile/SensorTile.o
                0x00000000080024b8                BSP_LED_On
 .text.BSP_LED_Off
                0x00000000080024e0       0x24 Drivers/BSP/SensorTile/SensorTile.o
                0x00000000080024e0                BSP_LED_Off
 .text.BSP_LED_Toggle
                0x0000000008002504       0x1c Drivers/BSP/SensorTile/SensorTile.o
                0x0000000008002504                BSP_LED_Toggle
 .text.BSP_I2C3_DeInit
                0x0000000008002520       0x40 Drivers/BSP/SensorTile/SensorTile_bus.o
                0x0000000008002520                BSP_I2C3_DeInit
 .text.BSP_I2C3_WriteReg
                0x0000000008002560       0x2c Drivers/BSP/SensorTile/SensorTile_bus.o
                0x0000000008002560                BSP_I2C3_WriteReg
 .text.BSP_I2C3_ReadReg
                0x000000000800258c       0x2c Drivers/BSP/SensorTile/SensorTile_bus.o
                0x000000000800258c                BSP_I2C3_ReadReg
 .text.BSP_SPI2_DeInit
                0x00000000080025b8       0x34 Drivers/BSP/SensorTile/SensorTile_bus.o
                0x00000000080025b8                BSP_SPI2_DeInit
 .text.BSP_SPI2_Send
                0x00000000080025ec       0x24 Drivers/BSP/SensorTile/SensorTile_bus.o
                0x00000000080025ec                BSP_SPI2_Send
 .text.BSP_SPI1_SendRecv
                0x0000000008002610       0x28 Drivers/BSP/SensorTile/SensorTile_bus.o
                0x0000000008002610                BSP_SPI1_SendRecv
 .text.BSP_GetTick
                0x0000000008002638        0x4 Drivers/BSP/SensorTile/SensorTile_bus.o
                0x0000000008002638                BSP_GetTick
 .text.MX_SPI2_Init
                0x000000000800263c       0x70 Drivers/BSP/SensorTile/SensorTile_bus.o
                0x000000000800263c                MX_SPI2_Init
 .text.BSP_SPI2_Init
                0x00000000080026ac       0x7c Drivers/BSP/SensorTile/SensorTile_bus.o
                0x00000000080026ac                BSP_SPI2_Init
 .text.MX_I2C3_Init
                0x0000000008002728       0x28 Drivers/BSP/SensorTile/SensorTile_bus.o
                0x0000000008002728                MX_I2C3_Init
 .text.BSP_I2C3_Init
                0x0000000008002750       0xc0 Drivers/BSP/SensorTile/SensorTile_bus.o
                0x0000000008002750                BSP_I2C3_Init
 .text.MX_SPI1_Init
                0x0000000008002810       0x44 Drivers/BSP/SensorTile/SensorTile_bus.o
                0x0000000008002810                MX_SPI1_Init
 .text.BSP_SPI1_Init
                0x0000000008002854       0x78 Drivers/BSP/SensorTile/SensorTile_bus.o
                0x0000000008002854                BSP_SPI1_Init
 .text.BSP_LPS22HB_WriteReg
                0x00000000080028cc       0x4e Drivers/BSP/SensorTile/SensorTile_env_sensors.o
 .text.BSP_LPS22HB_DeInit
                0x000000000800291a       0x10 Drivers/BSP/SensorTile/SensorTile_env_sensors.o
 .text.BSP_LPS22HB_Init
                0x000000000800292a       0x5e Drivers/BSP/SensorTile/SensorTile_env_sensors.o
 .text.BSP_LPS22HB_ReadReg
                0x0000000008002988       0xf4 Drivers/BSP/SensorTile/SensorTile_env_sensors.o
 .text.BSP_ENV_SENSOR_Init
                0x0000000008002a7c      0x294 Drivers/BSP/SensorTile/SensorTile_env_sensors.o
                0x0000000008002a7c                BSP_ENV_SENSOR_Init
 .text.BSP_ENV_SENSOR_Enable
                0x0000000008002d10       0x4c Drivers/BSP/SensorTile/SensorTile_env_sensors.o
                0x0000000008002d10                BSP_ENV_SENSOR_Enable
 .text.BSP_ENV_SENSOR_GetValue
                0x0000000008002d5c       0x50 Drivers/BSP/SensorTile/SensorTile_env_sensors.o
                0x0000000008002d5c                BSP_ENV_SENSOR_GetValue
 .text.SystemInit
                0x0000000008002dac       0x48 Drivers/CMSIS/system_stm32l4xx.o
                0x0000000008002dac                SystemInit
 .text.HAL_MspInit
                0x0000000008002df4        0x2 Drivers/STM32L4xx_HAL_Driver/stm32l4xx_hal.o
                0x0000000008002df4                HAL_MspInit
 *fill*         0x0000000008002df6        0x2 
 .text.HAL_InitTick
                0x0000000008002df8       0x30 Drivers/STM32L4xx_HAL_Driver/stm32l4xx_hal.o
                0x0000000008002df8                HAL_InitTick
 .text.HAL_Init
                0x0000000008002e28       0x1e Drivers/STM32L4xx_HAL_Driver/stm32l4xx_hal.o
                0x0000000008002e28                HAL_Init
 *fill*         0x0000000008002e46        0x2 
 .text.HAL_IncTick
                0x0000000008002e48       0x10 Drivers/STM32L4xx_HAL_Driver/stm32l4xx_hal.o
                0x0000000008002e48                HAL_IncTick
 .text.HAL_GetTick
                0x0000000008002e58        0xc Drivers/STM32L4xx_HAL_Driver/stm32l4xx_hal.o
                0x0000000008002e58                HAL_GetTick
 .text.HAL_GetHalVersion
                0x0000000008002e64        0x8 Drivers/STM32L4xx_HAL_Driver/stm32l4xx_hal.o
                0x0000000008002e64                HAL_GetHalVersion
 .text.HAL_NVIC_SetPriorityGrouping
                0x0000000008002e6c       0x24 Drivers/STM32L4xx_HAL_Driver/stm32l4xx_hal_cortex.o
                0x0000000008002e6c                HAL_NVIC_SetPriorityGrouping
 .text.HAL_NVIC_SetPriority
                0x0000000008002e90       0x68 Drivers/STM32L4xx_HAL_Driver/stm32l4xx_hal_cortex.o
                0x0000000008002e90                HAL_NVIC_SetPriority
 .text.HAL_NVIC_EnableIRQ
                0x0000000008002ef8       0x18 Drivers/STM32L4xx_HAL_Driver/stm32l4xx_hal_cortex.o
                0x0000000008002ef8                HAL_NVIC_EnableIRQ
 .text.HAL_NVIC_DisableIRQ
                0x0000000008002f10       0x1c Drivers/STM32L4xx_HAL_Driver/stm32l4xx_hal_cortex.o
                0x0000000008002f10                HAL_NVIC_DisableIRQ
 .text.HAL_SYSTICK_Config
                0x0000000008002f2c       0x2c Drivers/STM32L4xx_HAL_Driver/stm32l4xx_hal_cortex.o
                0x0000000008002f2c                HAL_SYSTICK_Config
 .text.HAL_SYSTICK_Callback
                0x0000000008002f58        0x2 Drivers/STM32L4xx_HAL_Driver/stm32l4xx_hal_cortex.o
                0x0000000008002f58                HAL_SYSTICK_Callback
 .text.HAL_SYSTICK_IRQHandler
                0x0000000008002f5a        0x8 Drivers/STM32L4xx_HAL_Driver/stm32l4xx_hal_cortex.o
                0x0000000008002f5a                HAL_SYSTICK_IRQHandler
 .text.HAL_DMA_Abort_IT
                0x0000000008002f62       0x4c Drivers/STM32L4xx_HAL_Driver/stm32l4xx_hal_dma.o
                0x0000000008002f62                HAL_DMA_Abort_IT
 .text.HAL_EXTI_RegisterCallback
                0x0000000008002fae        0xc Drivers/STM32L4xx_HAL_Driver/stm32l4xx_hal_exti.o
                0x0000000008002fae                HAL_EXTI_RegisterCallback
 .text.HAL_EXTI_GetHandle
                0x0000000008002fba        0xc Drivers/STM32L4xx_HAL_Driver/stm32l4xx_hal_exti.o
                0x0000000008002fba                HAL_EXTI_GetHandle
 *fill*         0x0000000008002fc6        0x2 
 .text.HAL_EXTI_IRQHandler
                0x0000000008002fc8       0x30 Drivers/STM32L4xx_HAL_Driver/stm32l4xx_hal_exti.o
                0x0000000008002fc8                HAL_EXTI_IRQHandler
 .text.HAL_GPIO_Init
                0x0000000008002ff8      0x1b8 Drivers/STM32L4xx_HAL_Driver/stm32l4xx_hal_gpio.o
                0x0000000008002ff8                HAL_GPIO_Init
 .text.HAL_GPIO_DeInit
                0x00000000080031b0      0x134 Drivers/STM32L4xx_HAL_Driver/stm32l4xx_hal_gpio.o
                0x00000000080031b0                HAL_GPIO_DeInit
 .text.HAL_GPIO_ReadPin
                0x00000000080032e4        0xc Drivers/STM32L4xx_HAL_Driver/stm32l4xx_hal_gpio.o
                0x00000000080032e4                HAL_GPIO_ReadPin
 .text.HAL_GPIO_WritePin
                0x00000000080032f0        0xa Drivers/STM32L4xx_HAL_Driver/stm32l4xx_hal_gpio.o
                0x00000000080032f0                HAL_GPIO_WritePin
 .text.HAL_GPIO_TogglePin
                0x00000000080032fa        0x8 Drivers/STM32L4xx_HAL_Driver/stm32l4xx_hal_gpio.o
                0x00000000080032fa                HAL_GPIO_TogglePin
 .text.I2C_Flush_TXDR
                0x0000000008003302       0x1c Drivers/STM32L4xx_HAL_Driver/stm32l4xx_hal_i2c.o
 *fill*         0x000000000800331e        0x2 
 .text.I2C_TransferConfig
                0x0000000008003320       0x28 Drivers/STM32L4xx_HAL_Driver/stm32l4xx_hal_i2c.o
 .text.I2C_Disable_IRQ
                0x0000000008003348       0x42 Drivers/STM32L4xx_HAL_Driver/stm32l4xx_hal_i2c.o
 .text.I2C_IsAcknowledgeFailed
                0x000000000800338a       0x7a Drivers/STM32L4xx_HAL_Driver/stm32l4xx_hal_i2c.o
 .text.I2C_WaitOnSTOPFlagUntilTimeout
                0x0000000008003404       0x4a Drivers/STM32L4xx_HAL_Driver/stm32l4xx_hal_i2c.o
 .text.I2C_WaitOnFlagUntilTimeout
                0x000000000800344e       0x54 Drivers/STM32L4xx_HAL_Driver/stm32l4xx_hal_i2c.o
 .text.I2C_WaitOnTXISFlagUntilTimeout
                0x00000000080034a2       0x4e Drivers/STM32L4xx_HAL_Driver/stm32l4xx_hal_i2c.o
 .text.I2C_RequestMemoryWrite
                0x00000000080034f0       0x64 Drivers/STM32L4xx_HAL_Driver/stm32l4xx_hal_i2c.o
 .text.I2C_RequestMemoryRead
                0x0000000008003554       0x64 Drivers/STM32L4xx_HAL_Driver/stm32l4xx_hal_i2c.o
 .text.HAL_I2C_MspInit
                0x00000000080035b8        0x2 Drivers/STM32L4xx_HAL_Driver/stm32l4xx_hal_i2c.o
                0x00000000080035b8                HAL_I2C_MspInit
 .text.HAL_I2C_Init
                0x00000000080035ba       0xa2 Drivers/STM32L4xx_HAL_Driver/stm32l4xx_hal_i2c.o
                0x00000000080035ba                HAL_I2C_Init
 .text.HAL_I2C_MspDeInit
                0x000000000800365c        0x2 Drivers/STM32L4xx_HAL_Driver/stm32l4xx_hal_i2c.o
                0x000000000800365c                HAL_I2C_MspDeInit
 .text.HAL_I2C_DeInit
                0x000000000800365e       0x32 Drivers/STM32L4xx_HAL_Driver/stm32l4xx_hal_i2c.o
                0x000000000800365e                HAL_I2C_DeInit
 .text.HAL_I2C_Mem_Write
                0x0000000008003690      0x168 Drivers/STM32L4xx_HAL_Driver/stm32l4xx_hal_i2c.o
                0x0000000008003690                HAL_I2C_Mem_Write
 .text.HAL_I2C_Mem_Read
                0x00000000080037f8      0x174 Drivers/STM32L4xx_HAL_Driver/stm32l4xx_hal_i2c.o
                0x00000000080037f8                HAL_I2C_Mem_Read
 .text.HAL_I2C_EV_IRQHandler
                0x000000000800396c        0xe Drivers/STM32L4xx_HAL_Driver/stm32l4xx_hal_i2c.o
                0x000000000800396c                HAL_I2C_EV_IRQHandler
 .text.HAL_I2C_SlaveTxCpltCallback
                0x000000000800397a        0x2 Drivers/STM32L4xx_HAL_Driver/stm32l4xx_hal_i2c.o
                0x000000000800397a                HAL_I2C_SlaveTxCpltCallback
 .text.HAL_I2C_SlaveRxCpltCallback
                0x000000000800397c        0x2 Drivers/STM32L4xx_HAL_Driver/stm32l4xx_hal_i2c.o
                0x000000000800397c                HAL_I2C_SlaveRxCpltCallback
 .text.I2C_ITSlaveSequentialCplt
                0x000000000800397e       0x4c Drivers/STM32L4xx_HAL_Driver/stm32l4xx_hal_i2c.o
 .text.HAL_I2C_AddrCallback
                0x00000000080039ca        0x2 Drivers/STM32L4xx_HAL_Driver/stm32l4xx_hal_i2c.o
                0x00000000080039ca                HAL_I2C_AddrCallback
 .text.I2C_ITAddrCplt.isra.9
                0x00000000080039cc       0x88 Drivers/STM32L4xx_HAL_Driver/stm32l4xx_hal_i2c.o
 .text.HAL_I2C_ListenCpltCallback
                0x0000000008003a54        0x2 Drivers/STM32L4xx_HAL_Driver/stm32l4xx_hal_i2c.o
                0x0000000008003a54                HAL_I2C_ListenCpltCallback
 *fill*         0x0000000008003a56        0x2 
 .text.I2C_ITListenCplt
                0x0000000008003a58       0x60 Drivers/STM32L4xx_HAL_Driver/stm32l4xx_hal_i2c.o
 .text.HAL_I2C_ErrorCallback
                0x0000000008003ab8        0x2 Drivers/STM32L4xx_HAL_Driver/stm32l4xx_hal_i2c.o
                0x0000000008003ab8                HAL_I2C_ErrorCallback
 .text.HAL_I2C_AbortCpltCallback
                0x0000000008003aba        0x2 Drivers/STM32L4xx_HAL_Driver/stm32l4xx_hal_i2c.o
                0x0000000008003aba                HAL_I2C_AbortCpltCallback
 .text.I2C_ITError
                0x0000000008003abc       0xd4 Drivers/STM32L4xx_HAL_Driver/stm32l4xx_hal_i2c.o
 .text.I2C_ITSlaveCplt
                0x0000000008003b90       0xf0 Drivers/STM32L4xx_HAL_Driver/stm32l4xx_hal_i2c.o
 .text.I2C_Slave_ISR_IT
                0x0000000008003c80      0x110 Drivers/STM32L4xx_HAL_Driver/stm32l4xx_hal_i2c.o
 .text.HAL_I2C_ER_IRQHandler
                0x0000000008003d90       0x60 Drivers/STM32L4xx_HAL_Driver/stm32l4xx_hal_i2c.o
                0x0000000008003d90                HAL_I2C_ER_IRQHandler
 .text.I2C_DMAAbort
                0x0000000008003df0       0x28 Drivers/STM32L4xx_HAL_Driver/stm32l4xx_hal_i2c.o
 .text.HAL_I2C_GetState
                0x0000000008003e18        0x6 Drivers/STM32L4xx_HAL_Driver/stm32l4xx_hal_i2c.o
                0x0000000008003e18                HAL_I2C_GetState
 .text.HAL_PCD_Init
                0x0000000008003e1e       0xfa Drivers/STM32L4xx_HAL_Driver/stm32l4xx_hal_pcd.o
                0x0000000008003e1e                HAL_PCD_Init
 .text.HAL_PCD_Start
                0x0000000008003f18       0x2a Drivers/STM32L4xx_HAL_Driver/stm32l4xx_hal_pcd.o
                0x0000000008003f18                HAL_PCD_Start
 *fill*         0x0000000008003f42        0x2 
 .text.HAL_PCD_IRQHandler
                0x0000000008003f44      0x588 Drivers/STM32L4xx_HAL_Driver/stm32l4xx_hal_pcd.o
                0x0000000008003f44                HAL_PCD_IRQHandler
 .text.HAL_PCD_SetAddress
                0x00000000080044cc       0x28 Drivers/STM32L4xx_HAL_Driver/stm32l4xx_hal_pcd.o
                0x00000000080044cc                HAL_PCD_SetAddress
 .text.HAL_PCD_EP_Open
                0x00000000080044f4       0x70 Drivers/STM32L4xx_HAL_Driver/stm32l4xx_hal_pcd.o
                0x00000000080044f4                HAL_PCD_EP_Open
 .text.HAL_PCD_EP_Close
                0x0000000008004564       0x5e Drivers/STM32L4xx_HAL_Driver/stm32l4xx_hal_pcd.o
                0x0000000008004564                HAL_PCD_EP_Close
 .text.HAL_PCD_EP_Receive
                0x00000000080045c2       0x3c Drivers/STM32L4xx_HAL_Driver/stm32l4xx_hal_pcd.o
                0x00000000080045c2                HAL_PCD_EP_Receive
 .text.HAL_PCD_EP_GetRxCount
                0x00000000080045fe       0x10 Drivers/STM32L4xx_HAL_Driver/stm32l4xx_hal_pcd.o
                0x00000000080045fe                HAL_PCD_EP_GetRxCount
 .text.HAL_PCD_EP_Transmit
                0x000000000800460e       0x36 Drivers/STM32L4xx_HAL_Driver/stm32l4xx_hal_pcd.o
                0x000000000800460e                HAL_PCD_EP_Transmit
 .text.HAL_PCD_EP_SetStall
                0x0000000008004644       0x72 Drivers/STM32L4xx_HAL_Driver/stm32l4xx_hal_pcd.o
                0x0000000008004644                HAL_PCD_EP_SetStall
 .text.HAL_PCD_EP_ClrStall
                0x00000000080046b6       0x6c Drivers/STM32L4xx_HAL_Driver/stm32l4xx_hal_pcd.o
                0x00000000080046b6                HAL_PCD_EP_ClrStall
 .text.HAL_PCDEx_SetTxFiFo
                0x0000000008004722       0x40 Drivers/STM32L4xx_HAL_Driver/stm32l4xx_hal_pcd_ex.o
                0x0000000008004722                HAL_PCDEx_SetTxFiFo
 .text.HAL_PCDEx_SetRxFiFo
                0x0000000008004762        0x8 Drivers/STM32L4xx_HAL_Driver/stm32l4xx_hal_pcd_ex.o
                0x0000000008004762                HAL_PCDEx_SetRxFiFo
 .text.HAL_PCDEx_ActivateLPM
                0x000000000800476a       0x26 Drivers/STM32L4xx_HAL_Driver/stm32l4xx_hal_pcd_ex.o
                0x000000000800476a                HAL_PCDEx_ActivateLPM
 .text.HAL_PCDEx_ActivateBCD
                0x0000000008004790       0x14 Drivers/STM32L4xx_HAL_Driver/stm32l4xx_hal_pcd_ex.o
                0x0000000008004790                HAL_PCDEx_ActivateBCD
 .text.HAL_PCDEx_LPM_Callback
                0x00000000080047a4        0x2 Drivers/STM32L4xx_HAL_Driver/stm32l4xx_hal_pcd_ex.o
                0x00000000080047a4                HAL_PCDEx_LPM_Callback
 *fill*         0x00000000080047a6        0x2 
 .text.HAL_PWR_EnableBkUpAccess
                0x00000000080047a8       0x10 Drivers/STM32L4xx_HAL_Driver/stm32l4xx_hal_pwr.o
                0x00000000080047a8                HAL_PWR_EnableBkUpAccess
 .text.HAL_PWREx_GetVoltageRange
                0x00000000080047b8       0x10 Drivers/STM32L4xx_HAL_Driver/stm32l4xx_hal_pwr_ex.o
                0x00000000080047b8                HAL_PWREx_GetVoltageRange
 .text.HAL_PWREx_EnableVddUSB
                0x00000000080047c8       0x10 Drivers/STM32L4xx_HAL_Driver/stm32l4xx_hal_pwr_ex.o
                0x00000000080047c8                HAL_PWREx_EnableVddUSB
 .text.HAL_PWREx_EnableVddIO2
                0x00000000080047d8       0x10 Drivers/STM32L4xx_HAL_Driver/stm32l4xx_hal_pwr_ex.o
                0x00000000080047d8                HAL_PWREx_EnableVddIO2
 .text.RCC_SetFlashLatencyFromMSIRange
                0x00000000080047e8       0x84 Drivers/STM32L4xx_HAL_Driver/stm32l4xx_hal_rcc.o
 .text.HAL_RCC_GetSysClockFreq
                0x000000000800486c       0xa8 Drivers/STM32L4xx_HAL_Driver/stm32l4xx_hal_rcc.o
                0x000000000800486c                HAL_RCC_GetSysClockFreq
 .text.HAL_RCC_OscConfig
                0x0000000008004914      0x44c Drivers/STM32L4xx_HAL_Driver/stm32l4xx_hal_rcc.o
                0x0000000008004914                HAL_RCC_OscConfig
 .text.HAL_RCC_ClockConfig
                0x0000000008004d60      0x124 Drivers/STM32L4xx_HAL_Driver/stm32l4xx_hal_rcc.o
                0x0000000008004d60                HAL_RCC_ClockConfig
 .text.HAL_RCC_GetHCLKFreq
                0x0000000008004e84        0xc Drivers/STM32L4xx_HAL_Driver/stm32l4xx_hal_rcc.o
                0x0000000008004e84                HAL_RCC_GetHCLKFreq
 .text.RCCEx_PLLSAI1_Config
                0x0000000008004e90      0x118 Drivers/STM32L4xx_HAL_Driver/stm32l4xx_hal_rcc_ex.o
 .text.RCCEx_PLLSAI2_Config
                0x0000000008004fa8       0xf8 Drivers/STM32L4xx_HAL_Driver/stm32l4xx_hal_rcc_ex.o
 .text.HAL_RCCEx_PeriphCLKConfig
                0x00000000080050a0      0x3cc Drivers/STM32L4xx_HAL_Driver/stm32l4xx_hal_rcc_ex.o
                0x00000000080050a0                HAL_RCCEx_PeriphCLKConfig
 .text.HAL_RCCEx_DisableLSECSS
                0x000000000800546c       0x1c Drivers/STM32L4xx_HAL_Driver/stm32l4xx_hal_rcc_ex.o
                0x000000000800546c                HAL_RCCEx_DisableLSECSS
 .text.HAL_RCCEx_EnableMSIPLLMode
                0x0000000008005488       0x10 Drivers/STM32L4xx_HAL_Driver/stm32l4xx_hal_rcc_ex.o
                0x0000000008005488                HAL_RCCEx_EnableMSIPLLMode
 .text.SPI_WaitFlagStateUntilTimeout.part.0
                0x0000000008005498       0x50 Drivers/STM32L4xx_HAL_Driver/stm32l4xx_hal_spi.o
 .text.SPI_WaitFlagStateUntilTimeout.constprop.9
                0x00000000080054e8       0x2c Drivers/STM32L4xx_HAL_Driver/stm32l4xx_hal_spi.o
 .text.SPI_WaitFifoStateUntilTimeout.constprop.10
                0x0000000008005514       0x34 Drivers/STM32L4xx_HAL_Driver/stm32l4xx_hal_spi.o
 .text.SPI_EndRxTxTransaction
                0x0000000008005548       0x44 Drivers/STM32L4xx_HAL_Driver/stm32l4xx_hal_spi.o
 .text.HAL_SPI_MspInit
                0x000000000800558c        0x2 Drivers/STM32L4xx_HAL_Driver/stm32l4xx_hal_spi.o
                0x000000000800558c                HAL_SPI_MspInit
 .text.HAL_SPI_Init
                0x000000000800558e       0xa2 Drivers/STM32L4xx_HAL_Driver/stm32l4xx_hal_spi.o
                0x000000000800558e                HAL_SPI_Init
 .text.HAL_SPI_MspDeInit
                0x0000000008005630        0x2 Drivers/STM32L4xx_HAL_Driver/stm32l4xx_hal_spi.o
                0x0000000008005630                HAL_SPI_MspDeInit
 .text.HAL_SPI_DeInit
                0x0000000008005632       0x2c Drivers/STM32L4xx_HAL_Driver/stm32l4xx_hal_spi.o
                0x0000000008005632                HAL_SPI_DeInit
 .text.HAL_SPI_Transmit
                0x000000000800565e      0x178 Drivers/STM32L4xx_HAL_Driver/stm32l4xx_hal_spi.o
                0x000000000800565e                HAL_SPI_Transmit
 .text.HAL_SPI_TransmitReceive
                0x00000000080057d6      0x23e Drivers/STM32L4xx_HAL_Driver/stm32l4xx_hal_spi.o
                0x00000000080057d6                HAL_SPI_TransmitReceive
 .text.HAL_SPI_GetState
                0x0000000008005a14        0x6 Drivers/STM32L4xx_HAL_Driver/stm32l4xx_hal_spi.o
                0x0000000008005a14                HAL_SPI_GetState
 *fill*         0x0000000008005a1a        0x2 
 .text.TIM_OC1_SetConfig
                0x0000000008005a1c       0x98 Drivers/STM32L4xx_HAL_Driver/stm32l4xx_hal_tim.o
 .text.TIM_OC3_SetConfig
                0x0000000008005ab4       0x88 Drivers/STM32L4xx_HAL_Driver/stm32l4xx_hal_tim.o
 .text.TIM_OC4_SetConfig
                0x0000000008005b3c       0x68 Drivers/STM32L4xx_HAL_Driver/stm32l4xx_hal_tim.o
 .text.TIM_OC5_SetConfig
                0x0000000008005ba4       0x68 Drivers/STM32L4xx_HAL_Driver/stm32l4xx_hal_tim.o
 .text.TIM_OC6_SetConfig
                0x0000000008005c0c       0x68 Drivers/STM32L4xx_HAL_Driver/stm32l4xx_hal_tim.o
 .text.HAL_TIM_Base_Start_IT
                0x0000000008005c74       0x30 Drivers/STM32L4xx_HAL_Driver/stm32l4xx_hal_tim.o
                0x0000000008005c74                HAL_TIM_Base_Start_IT
 .text.HAL_TIM_ReadCapturedValue
                0x0000000008005ca4       0x46 Drivers/STM32L4xx_HAL_Driver/stm32l4xx_hal_tim.o
                0x0000000008005ca4                HAL_TIM_ReadCapturedValue
 .text.HAL_TIM_IC_CaptureCallback
                0x0000000008005cea        0x2 Drivers/STM32L4xx_HAL_Driver/stm32l4xx_hal_tim.o
                0x0000000008005cea                HAL_TIM_IC_CaptureCallback
 .text.HAL_TIM_PWM_PulseFinishedCallback
                0x0000000008005cec        0x2 Drivers/STM32L4xx_HAL_Driver/stm32l4xx_hal_tim.o
                0x0000000008005cec                HAL_TIM_PWM_PulseFinishedCallback
 .text.HAL_TIM_TriggerCallback
                0x0000000008005cee        0x2 Drivers/STM32L4xx_HAL_Driver/stm32l4xx_hal_tim.o
                0x0000000008005cee                HAL_TIM_TriggerCallback
 .text.HAL_TIM_IRQHandler
                0x0000000008005cf0      0x160 Drivers/STM32L4xx_HAL_Driver/stm32l4xx_hal_tim.o
                0x0000000008005cf0                HAL_TIM_IRQHandler
 .text.TIM_Base_SetConfig
                0x0000000008005e50       0xcc Drivers/STM32L4xx_HAL_Driver/stm32l4xx_hal_tim.o
                0x0000000008005e50                TIM_Base_SetConfig
 .text.HAL_TIM_Base_Init
                0x0000000008005f1c       0x34 Drivers/STM32L4xx_HAL_Driver/stm32l4xx_hal_tim.o
                0x0000000008005f1c                HAL_TIM_Base_Init
 .text.HAL_TIM_OC_Init
                0x0000000008005f50       0x34 Drivers/STM32L4xx_HAL_Driver/stm32l4xx_hal_tim.o
                0x0000000008005f50                HAL_TIM_OC_Init
 .text.TIM_OC2_SetConfig
                0x0000000008005f84       0x8c Drivers/STM32L4xx_HAL_Driver/stm32l4xx_hal_tim.o
                0x0000000008005f84                TIM_OC2_SetConfig
 .text.HAL_TIM_OC_ConfigChannel
                0x0000000008006010       0x70 Drivers/STM32L4xx_HAL_Driver/stm32l4xx_hal_tim.o
                0x0000000008006010                HAL_TIM_OC_ConfigChannel
 .text.HAL_TIMEx_CommutationCallback
                0x0000000008006080        0x2 Drivers/STM32L4xx_HAL_Driver/stm32l4xx_hal_tim_ex.o
                0x0000000008006080                HAL_TIMEx_CommutationCallback
 .text.HAL_TIMEx_BreakCallback
                0x0000000008006082        0x2 Drivers/STM32L4xx_HAL_Driver/stm32l4xx_hal_tim_ex.o
                0x0000000008006082                HAL_TIMEx_BreakCallback
 .text.HAL_TIMEx_Break2Callback
                0x0000000008006084        0x2 Drivers/STM32L4xx_HAL_Driver/stm32l4xx_hal_tim_ex.o
                0x0000000008006084                HAL_TIMEx_Break2Callback
 *fill*         0x0000000008006086        0x2 
 .text.USB_CoreReset
                0x0000000008006088       0x30 Drivers/STM32L4xx_HAL_Driver/stm32l4xx_ll_usb.o
 .text.USB_CoreInit
                0x00000000080060b8       0x5e Drivers/STM32L4xx_HAL_Driver/stm32l4xx_ll_usb.o
                0x00000000080060b8                USB_CoreInit
 .text.USB_EnableGlobalInt
                0x0000000008006116        0xc Drivers/STM32L4xx_HAL_Driver/stm32l4xx_ll_usb.o
                0x0000000008006116                USB_EnableGlobalInt
 .text.USB_DisableGlobalInt
                0x0000000008006122        0xc Drivers/STM32L4xx_HAL_Driver/stm32l4xx_ll_usb.o
                0x0000000008006122                USB_DisableGlobalInt
 .text.USB_SetCurrentMode
                0x000000000800612e       0x2e Drivers/STM32L4xx_HAL_Driver/stm32l4xx_ll_usb.o
                0x000000000800612e                USB_SetCurrentMode
 .text.USB_FlushTxFifo
                0x000000000800615c       0x24 Drivers/STM32L4xx_HAL_Driver/stm32l4xx_ll_usb.o
                0x000000000800615c                USB_FlushTxFifo
 .text.USB_FlushRxFifo
                0x0000000008006180       0x20 Drivers/STM32L4xx_HAL_Driver/stm32l4xx_ll_usb.o
                0x0000000008006180                USB_FlushRxFifo
 .text.USB_SetDevSpeed
                0x00000000080061a0        0xe Drivers/STM32L4xx_HAL_Driver/stm32l4xx_ll_usb.o
                0x00000000080061a0                USB_SetDevSpeed
 *fill*         0x00000000080061ae        0x2 
 .text.USB_DevInit
                0x00000000080061b0      0x138 Drivers/STM32L4xx_HAL_Driver/stm32l4xx_ll_usb.o
                0x00000000080061b0                USB_DevInit
 .text.USB_ActivateEndpoint
                0x00000000080062e8       0x7c Drivers/STM32L4xx_HAL_Driver/stm32l4xx_ll_usb.o
                0x00000000080062e8                USB_ActivateEndpoint
 .text.USB_DeactivateEndpoint
                0x0000000008006364       0x60 Drivers/STM32L4xx_HAL_Driver/stm32l4xx_ll_usb.o
                0x0000000008006364                USB_DeactivateEndpoint
 .text.USB_EP0StartXfer
                0x00000000080063c4       0xc0 Drivers/STM32L4xx_HAL_Driver/stm32l4xx_ll_usb.o
                0x00000000080063c4                USB_EP0StartXfer
 .text.USB_WritePacket
                0x0000000008006484       0x20 Drivers/STM32L4xx_HAL_Driver/stm32l4xx_ll_usb.o
                0x0000000008006484                USB_WritePacket
 .text.USB_EPStartXfer
                0x00000000080064a4      0x158 Drivers/STM32L4xx_HAL_Driver/stm32l4xx_ll_usb.o
                0x00000000080064a4                USB_EPStartXfer
 .text.USB_ReadPacket
                0x00000000080065fc       0x1c Drivers/STM32L4xx_HAL_Driver/stm32l4xx_ll_usb.o
                0x00000000080065fc                USB_ReadPacket
 .text.USB_EPSetStall
                0x0000000008006618       0x56 Drivers/STM32L4xx_HAL_Driver/stm32l4xx_ll_usb.o
                0x0000000008006618                USB_EPSetStall
 .text.USB_EPClearStall
                0x000000000800666e       0x52 Drivers/STM32L4xx_HAL_Driver/stm32l4xx_ll_usb.o
                0x000000000800666e                USB_EPClearStall
 .text.USB_SetDevAddress
                0x00000000080066c0       0x20 Drivers/STM32L4xx_HAL_Driver/stm32l4xx_ll_usb.o
                0x00000000080066c0                USB_SetDevAddress
 .text.USB_DevConnect
                0x00000000080066e0       0x18 Drivers/STM32L4xx_HAL_Driver/stm32l4xx_ll_usb.o
                0x00000000080066e0                USB_DevConnect
 .text.USB_DevDisconnect
                0x00000000080066f8       0x18 Drivers/STM32L4xx_HAL_Driver/stm32l4xx_ll_usb.o
                0x00000000080066f8                USB_DevDisconnect
 .text.USB_ReadInterrupts
                0x0000000008006710        0x8 Drivers/STM32L4xx_HAL_Driver/stm32l4xx_ll_usb.o
                0x0000000008006710                USB_ReadInterrupts
 .text.USB_ReadDevAllOutEpInterrupt
                0x0000000008006718       0x10 Drivers/STM32L4xx_HAL_Driver/stm32l4xx_ll_usb.o
                0x0000000008006718                USB_ReadDevAllOutEpInterrupt
 .text.USB_ReadDevAllInEpInterrupt
                0x0000000008006728       0x10 Drivers/STM32L4xx_HAL_Driver/stm32l4xx_ll_usb.o
                0x0000000008006728                USB_ReadDevAllInEpInterrupt
 .text.USB_ReadDevOutEPInterrupt
                0x0000000008006738       0x12 Drivers/STM32L4xx_HAL_Driver/stm32l4xx_ll_usb.o
                0x0000000008006738                USB_ReadDevOutEPInterrupt
 .text.USB_ReadDevInEPInterrupt
                0x000000000800674a       0x24 Drivers/STM32L4xx_HAL_Driver/stm32l4xx_ll_usb.o
                0x000000000800674a                USB_ReadDevInEPInterrupt
 .text.USB_GetMode
                0x000000000800676e        0x8 Drivers/STM32L4xx_HAL_Driver/stm32l4xx_ll_usb.o
                0x000000000800676e                USB_GetMode
 .text.USB_ActivateSetup
                0x0000000008006776       0x36 Drivers/STM32L4xx_HAL_Driver/stm32l4xx_ll_usb.o
                0x0000000008006776                USB_ActivateSetup
 .text.USB_EP0_OutStart
                0x00000000080067ac       0x22 Drivers/STM32L4xx_HAL_Driver/stm32l4xx_ll_usb.o
                0x00000000080067ac                USB_EP0_OutStart
 .text.USBD_CDC_EP0_RxReady
                0x00000000080067ce       0x28 Middlewares/STM32_USBD_Library/Class/CDC/usbd_cdc.o
 *fill*         0x00000000080067f6        0x2 
 .text.USBD_CDC_GetFSCfgDesc
                0x00000000080067f8        0xc Middlewares/STM32_USBD_Library/Class/CDC/usbd_cdc.o
 .text.USBD_CDC_GetHSCfgDesc
                0x0000000008006804        0xc Middlewares/STM32_USBD_Library/Class/CDC/usbd_cdc.o
 .text.USBD_CDC_GetOtherSpeedCfgDesc
                0x0000000008006810        0xc Middlewares/STM32_USBD_Library/Class/CDC/usbd_cdc.o
 .text.USBD_CDC_GetDeviceQualifierDescriptor
                0x000000000800681c        0xc Middlewares/STM32_USBD_Library/Class/CDC/usbd_cdc.o
                0x000000000800681c                USBD_CDC_GetDeviceQualifierDescriptor
 .text.USBD_CDC_DataOut
                0x0000000008006828       0x2e Middlewares/STM32_USBD_Library/Class/CDC/usbd_cdc.o
 .text.USBD_CDC_DataIn
                0x0000000008006856       0x42 Middlewares/STM32_USBD_Library/Class/CDC/usbd_cdc.o
 .text.USBD_CDC_Setup
                0x0000000008006898       0xbc Middlewares/STM32_USBD_Library/Class/CDC/usbd_cdc.o
 .text.USBD_CDC_DeInit
                0x0000000008006954       0x42 Middlewares/STM32_USBD_Library/Class/CDC/usbd_cdc.o
 .text.USBD_CDC_Init
                0x0000000008006996       0xa6 Middlewares/STM32_USBD_Library/Class/CDC/usbd_cdc.o
 .text.USBD_CDC_RegisterInterface
                0x0000000008006a3c        0xe Middlewares/STM32_USBD_Library/Class/CDC/usbd_cdc.o
                0x0000000008006a3c                USBD_CDC_RegisterInterface
 .text.USBD_CDC_SetTxBuffer
                0x0000000008006a4a       0x10 Middlewares/STM32_USBD_Library/Class/CDC/usbd_cdc.o
                0x0000000008006a4a                USBD_CDC_SetTxBuffer
 .text.USBD_CDC_SetRxBuffer
                0x0000000008006a5a        0xc Middlewares/STM32_USBD_Library/Class/CDC/usbd_cdc.o
                0x0000000008006a5a                USBD_CDC_SetRxBuffer
 .text.USBD_CDC_TransmitPacket
                0x0000000008006a66       0x32 Middlewares/STM32_USBD_Library/Class/CDC/usbd_cdc.o
                0x0000000008006a66                USBD_CDC_TransmitPacket
 .text.USBD_Init
                0x0000000008006a98       0x2a Middlewares/STM32_USBD_Library/Core/usbd_core.o
                0x0000000008006a98                USBD_Init
 .text.USBD_RegisterClass
                0x0000000008006ac2        0xe Middlewares/STM32_USBD_Library/Core/usbd_core.o
                0x0000000008006ac2                USBD_RegisterClass
 .text.USBD_Start
                0x0000000008006ad0        0xa Middlewares/STM32_USBD_Library/Core/usbd_core.o
                0x0000000008006ad0                USBD_Start
 .text.USBD_SetClassConfig
                0x0000000008006ada       0x16 Middlewares/STM32_USBD_Library/Core/usbd_core.o
                0x0000000008006ada                USBD_SetClassConfig
 .text.USBD_ClrClassConfig
                0x0000000008006af0        0xe Middlewares/STM32_USBD_Library/Core/usbd_core.o
                0x0000000008006af0                USBD_ClrClassConfig
 .text.USBD_LL_SetupStage
                0x0000000008006afe       0x5a Middlewares/STM32_USBD_Library/Core/usbd_core.o
                0x0000000008006afe                USBD_LL_SetupStage
 .text.USBD_LL_DataOutStage
                0x0000000008006b58       0x70 Middlewares/STM32_USBD_Library/Core/usbd_core.o
                0x0000000008006b58                USBD_LL_DataOutStage
 .text.USBD_LL_DataInStage
                0x0000000008006bc8       0xb8 Middlewares/STM32_USBD_Library/Core/usbd_core.o
                0x0000000008006bc8                USBD_LL_DataInStage
 .text.USBD_LL_Reset
                0x0000000008006c80       0x4e Middlewares/STM32_USBD_Library/Core/usbd_core.o
                0x0000000008006c80                USBD_LL_Reset
 .text.USBD_LL_SetSpeed
                0x0000000008006cce        0x6 Middlewares/STM32_USBD_Library/Core/usbd_core.o
                0x0000000008006cce                USBD_LL_SetSpeed
 .text.USBD_LL_Suspend
                0x0000000008006cd4       0x12 Middlewares/STM32_USBD_Library/Core/usbd_core.o
                0x0000000008006cd4                USBD_LL_Suspend
 .text.USBD_LL_Resume
                0x0000000008006ce6        0xc Middlewares/STM32_USBD_Library/Core/usbd_core.o
                0x0000000008006ce6                USBD_LL_Resume
 .text.USBD_LL_SOF
                0x0000000008006cf2       0x18 Middlewares/STM32_USBD_Library/Core/usbd_core.o
                0x0000000008006cf2                USBD_LL_SOF
 .text.USBD_LL_IsoINIncomplete
                0x0000000008006d0a        0x4 Middlewares/STM32_USBD_Library/Core/usbd_core.o
                0x0000000008006d0a                USBD_LL_IsoINIncomplete
 .text.USBD_LL_IsoOUTIncomplete
                0x0000000008006d0e        0x4 Middlewares/STM32_USBD_Library/Core/usbd_core.o
                0x0000000008006d0e                USBD_LL_IsoOUTIncomplete
 .text.USBD_LL_DevConnected
                0x0000000008006d12        0x4 Middlewares/STM32_USBD_Library/Core/usbd_core.o
                0x0000000008006d12                USBD_LL_DevConnected
 .text.USBD_LL_DevDisconnected
                0x0000000008006d16       0x16 Middlewares/STM32_USBD_Library/Core/usbd_core.o
                0x0000000008006d16                USBD_LL_DevDisconnected
 .text.USBD_CtlError.constprop.1
                0x0000000008006d2c       0x16 Middlewares/STM32_USBD_Library/Core/usbd_ctlreq.o
 *fill*         0x0000000008006d42        0x2 
 .text.USBD_StdDevReq
                0x0000000008006d44      0x234 Middlewares/STM32_USBD_Library/Core/usbd_ctlreq.o
                0x0000000008006d44                USBD_StdDevReq
 .text.USBD_StdItfReq
                0x0000000008006f78       0x4a Middlewares/STM32_USBD_Library/Core/usbd_ctlreq.o
                0x0000000008006f78                USBD_StdItfReq
 .text.USBD_StdEPReq
                0x0000000008006fc2      0x10e Middlewares/STM32_USBD_Library/Core/usbd_ctlreq.o
                0x0000000008006fc2                USBD_StdEPReq
 .text.USBD_ParseSetupRequest
                0x00000000080070d0       0x28 Middlewares/STM32_USBD_Library/Core/usbd_ctlreq.o
                0x00000000080070d0                USBD_ParseSetupRequest
 .text.USBD_CtlError
                0x00000000080070f8       0x16 Middlewares/STM32_USBD_Library/Core/usbd_ctlreq.o
                0x00000000080070f8                USBD_CtlError
 .text.USBD_GetString
                0x000000000800710e       0x38 Middlewares/STM32_USBD_Library/Core/usbd_ctlreq.o
                0x000000000800710e                USBD_GetString
 .text.USBD_CtlSendData
                0x0000000008007146       0x1a Middlewares/STM32_USBD_Library/Core/usbd_ioreq.o
                0x0000000008007146                USBD_CtlSendData
 .text.USBD_CtlContinueSendData
                0x0000000008007160       0x10 Middlewares/STM32_USBD_Library/Core/usbd_ioreq.o
                0x0000000008007160                USBD_CtlContinueSendData
 .text.USBD_CtlPrepareRx
                0x0000000008007170       0x1e Middlewares/STM32_USBD_Library/Core/usbd_ioreq.o
                0x0000000008007170                USBD_CtlPrepareRx
 .text.USBD_CtlContinueRx
                0x000000000800718e       0x10 Middlewares/STM32_USBD_Library/Core/usbd_ioreq.o
                0x000000000800718e                USBD_CtlContinueRx
 .text.USBD_CtlSendStatus
                0x000000000800719e       0x16 Middlewares/STM32_USBD_Library/Core/usbd_ioreq.o
                0x000000000800719e                USBD_CtlSendStatus
 .text.USBD_CtlReceiveStatus
                0x00000000080071b4       0x16 Middlewares/STM32_USBD_Library/Core/usbd_ioreq.o
                0x00000000080071b4                USBD_CtlReceiveStatus
 *fill*         0x00000000080071ca        0x2 
 .text.aci_gap_init_IDB05A1
                0x00000000080071cc       0x70 Middlewares/X-CUBE-BLE1_BlueNRG-MS/hci/controller/bluenrg_gap_aci.o
                0x00000000080071cc                aci_gap_init_IDB05A1
 .text.aci_gap_set_discoverable
                0x000000000800723c       0xb0 Middlewares/X-CUBE-BLE1_BlueNRG-MS/hci/controller/bluenrg_gap_aci.o
                0x000000000800723c                aci_gap_set_discoverable
 .text.aci_gap_set_auth_requirement
                0x00000000080072ec       0x74 Middlewares/X-CUBE-BLE1_BlueNRG-MS/hci/controller/bluenrg_gap_aci.o
                0x00000000080072ec                aci_gap_set_auth_requirement
 .text.aci_gap_create_connection
                0x0000000008007360       0x8c Middlewares/X-CUBE-BLE1_BlueNRG-MS/hci/controller/bluenrg_gap_aci.o
                0x0000000008007360                aci_gap_create_connection
 .text.aci_gatt_init
                0x00000000080073ec       0x34 Middlewares/X-CUBE-BLE1_BlueNRG-MS/hci/controller/bluenrg_gatt_aci.o
                0x00000000080073ec                aci_gatt_init
 .text.aci_gatt_add_serv
                0x0000000008007420       0x74 Middlewares/X-CUBE-BLE1_BlueNRG-MS/hci/controller/bluenrg_gatt_aci.o
                0x0000000008007420                aci_gatt_add_serv
 .text.aci_gatt_add_char
                0x0000000008007494       0xac Middlewares/X-CUBE-BLE1_BlueNRG-MS/hci/controller/bluenrg_gatt_aci.o
                0x0000000008007494                aci_gatt_add_char
 .text.aci_gatt_update_char_value
                0x0000000008007540       0x60 Middlewares/X-CUBE-BLE1_BlueNRG-MS/hci/controller/bluenrg_gatt_aci.o
                0x0000000008007540                aci_gatt_update_char_value
 .text.aci_gatt_disc_charac_by_uuid
                0x00000000080075a0       0x5c Middlewares/X-CUBE-BLE1_BlueNRG-MS/hci/controller/bluenrg_gatt_aci.o
                0x00000000080075a0                aci_gatt_disc_charac_by_uuid
 .text.aci_gatt_write_charac_descriptor
                0x00000000080075fc       0x5c Middlewares/X-CUBE-BLE1_BlueNRG-MS/hci/controller/bluenrg_gatt_aci.o
                0x00000000080075fc                aci_gatt_write_charac_descriptor
 .text.aci_gatt_write_without_response
                0x0000000008007658       0x58 Middlewares/X-CUBE-BLE1_BlueNRG-MS/hci/controller/bluenrg_gatt_aci.o
                0x0000000008007658                aci_gatt_write_without_response
 .text.aci_hal_write_config_data
                0x00000000080076b0       0x58 Middlewares/X-CUBE-BLE1_BlueNRG-MS/hci/controller/bluenrg_hal_aci.o
                0x00000000080076b0                aci_hal_write_config_data
 .text.aci_hal_set_tx_power_level
                0x0000000008007708       0x40 Middlewares/X-CUBE-BLE1_BlueNRG-MS/hci/controller/bluenrg_hal_aci.o
                0x0000000008007708                aci_hal_set_tx_power_level
 .text.getBlueNRGVersion
                0x0000000008007748       0x42 Middlewares/X-CUBE-BLE1_BlueNRG-MS/hci/controller/bluenrg_utils_small.o
                0x0000000008007748                getBlueNRGVersion
 .text.hci_reset
                0x000000000800778a       0x32 Middlewares/X-CUBE-BLE1_BlueNRG-MS/hci/hci_le.o
                0x000000000800778a                hci_reset
 .text.hci_le_read_local_version
                0x00000000080077bc       0x70 Middlewares/X-CUBE-BLE1_BlueNRG-MS/hci/hci_le.o
                0x00000000080077bc                hci_le_read_local_version
 .text.hci_le_set_scan_resp_data
                0x000000000800782c       0x5c Middlewares/X-CUBE-BLE1_BlueNRG-MS/hci/hci_le.o
                0x000000000800782c                hci_le_set_scan_resp_data
 .text.move_list.constprop.0
                0x0000000008007888       0x28 Middlewares/X-CUBE-BLE1_BlueNRG-MS/hci/hci_tl_patterns/Basic/hci_tl.o
 .text.hci_init
                0x00000000080078b0       0x5c Middlewares/X-CUBE-BLE1_BlueNRG-MS/hci/hci_tl_patterns/Basic/hci_tl.o
                0x00000000080078b0                hci_init
 .text.hci_register_io_bus
                0x000000000800790c       0x1c Middlewares/X-CUBE-BLE1_BlueNRG-MS/hci/hci_tl_patterns/Basic/hci_tl.o
                0x000000000800790c                hci_register_io_bus
 .text.hci_send_req
                0x0000000008007928      0x180 Middlewares/X-CUBE-BLE1_BlueNRG-MS/hci/hci_tl_patterns/Basic/hci_tl.o
                0x0000000008007928                hci_send_req
 .text.hci_user_evt_proc
                0x0000000008007aa8       0x40 Middlewares/X-CUBE-BLE1_BlueNRG-MS/hci/hci_tl_patterns/Basic/hci_tl.o
                0x0000000008007aa8                hci_user_evt_proc
 .text.hci_notify_asynch_evt
                0x0000000008007ae8       0x64 Middlewares/X-CUBE-BLE1_BlueNRG-MS/hci/hci_tl_patterns/Basic/hci_tl.o
                0x0000000008007ae8                hci_notify_asynch_evt
 .text.list_init_head
                0x0000000008007b4c        0x6 Middlewares/X-CUBE-BLE1_BlueNRG-MS/utils/ble_list.o
                0x0000000008007b4c                list_init_head
 .text.list_is_empty
                0x0000000008007b52       0x14 Middlewares/X-CUBE-BLE1_BlueNRG-MS/utils/ble_list.o
                0x0000000008007b52                list_is_empty
 .text.list_insert_head
                0x0000000008007b66       0x18 Middlewares/X-CUBE-BLE1_BlueNRG-MS/utils/ble_list.o
                0x0000000008007b66                list_insert_head
 .text.list_insert_tail
                0x0000000008007b7e       0x18 Middlewares/X-CUBE-BLE1_BlueNRG-MS/utils/ble_list.o
                0x0000000008007b7e                list_insert_tail
 .text.list_remove_node
                0x0000000008007b96       0x16 Middlewares/X-CUBE-BLE1_BlueNRG-MS/utils/ble_list.o
                0x0000000008007b96                list_remove_node
 .text.list_remove_head
                0x0000000008007bac       0x24 Middlewares/X-CUBE-BLE1_BlueNRG-MS/utils/ble_list.o
                0x0000000008007bac                list_remove_head
 .text.list_remove_tail
                0x0000000008007bd0       0x24 Middlewares/X-CUBE-BLE1_BlueNRG-MS/utils/ble_list.o
                0x0000000008007bd0                list_remove_tail
 .text.list_get_size
                0x0000000008007bf4       0x1c Middlewares/X-CUBE-BLE1_BlueNRG-MS/utils/ble_list.o
                0x0000000008007bf4                list_get_size
 .text.__errno  0x0000000008007c10        0xc c:/st/stm32cubeide_1.1.0/stm32cubeide/plugins/com.st.stm32cube.ide.mcu.externaltools.gnu-tools-for-stm32.7-2018-q2-update.win32_1.0.0.201904181610/tools/bin/../lib/gcc/arm-none-eabi/7.3.1/../../../../arm-none-eabi/lib/thumb/v7e-m/fpv4-sp/hard\libc_nano.a(lib_a-errno.o)
                0x0000000008007c10                __errno
 .text.__sflush_r
                0x0000000008007c1c      0x10c c:/st/stm32cubeide_1.1.0/stm32cubeide/plugins/com.st.stm32cube.ide.mcu.externaltools.gnu-tools-for-stm32.7-2018-q2-update.win32_1.0.0.201904181610/tools/bin/../lib/gcc/arm-none-eabi/7.3.1/../../../../arm-none-eabi/lib/thumb/v7e-m/fpv4-sp/hard\libc_nano.a(lib_a-fflush.o)
                0x0000000008007c1c                __sflush_r
 .text._fflush_r
                0x0000000008007d28       0x54 c:/st/stm32cubeide_1.1.0/stm32cubeide/plugins/com.st.stm32cube.ide.mcu.externaltools.gnu-tools-for-stm32.7-2018-q2-update.win32_1.0.0.201904181610/tools/bin/../lib/gcc/arm-none-eabi/7.3.1/../../../../arm-none-eabi/lib/thumb/v7e-m/fpv4-sp/hard\libc_nano.a(lib_a-fflush.o)
                0x0000000008007d28                _fflush_r
 .text.fflush   0x0000000008007d7c       0x24 c:/st/stm32cubeide_1.1.0/stm32cubeide/plugins/com.st.stm32cube.ide.mcu.externaltools.gnu-tools-for-stm32.7-2018-q2-update.win32_1.0.0.201904181610/tools/bin/../lib/gcc/arm-none-eabi/7.3.1/../../../../arm-none-eabi/lib/thumb/v7e-m/fpv4-sp/hard\libc_nano.a(lib_a-fflush.o)
                0x0000000008007d7c                fflush
 .text.std      0x0000000008007da0       0x48 c:/st/stm32cubeide_1.1.0/stm32cubeide/plugins/com.st.stm32cube.ide.mcu.externaltools.gnu-tools-for-stm32.7-2018-q2-update.win32_1.0.0.201904181610/tools/bin/../lib/gcc/arm-none-eabi/7.3.1/../../../../arm-none-eabi/lib/thumb/v7e-m/fpv4-sp/hard\libc_nano.a(lib_a-findfp.o)
 .text._cleanup_r
                0x0000000008007de8        0xc c:/st/stm32cubeide_1.1.0/stm32cubeide/plugins/com.st.stm32cube.ide.mcu.externaltools.gnu-tools-for-stm32.7-2018-q2-update.win32_1.0.0.201904181610/tools/bin/../lib/gcc/arm-none-eabi/7.3.1/../../../../arm-none-eabi/lib/thumb/v7e-m/fpv4-sp/hard\libc_nano.a(lib_a-findfp.o)
                0x0000000008007de8                _cleanup_r
 .text.__sfmoreglue
                0x0000000008007df4       0x2c c:/st/stm32cubeide_1.1.0/stm32cubeide/plugins/com.st.stm32cube.ide.mcu.externaltools.gnu-tools-for-stm32.7-2018-q2-update.win32_1.0.0.201904181610/tools/bin/../lib/gcc/arm-none-eabi/7.3.1/../../../../arm-none-eabi/lib/thumb/v7e-m/fpv4-sp/hard\libc_nano.a(lib_a-findfp.o)
                0x0000000008007df4                __sfmoreglue
 .text.__sinit  0x0000000008007e20       0x60 c:/st/stm32cubeide_1.1.0/stm32cubeide/plugins/com.st.stm32cube.ide.mcu.externaltools.gnu-tools-for-stm32.7-2018-q2-update.win32_1.0.0.201904181610/tools/bin/../lib/gcc/arm-none-eabi/7.3.1/../../../../arm-none-eabi/lib/thumb/v7e-m/fpv4-sp/hard\libc_nano.a(lib_a-findfp.o)
                0x0000000008007e20                __sinit
 .text.__sfp    0x0000000008007e80       0x78 c:/st/stm32cubeide_1.1.0/stm32cubeide/plugins/com.st.stm32cube.ide.mcu.externaltools.gnu-tools-for-stm32.7-2018-q2-update.win32_1.0.0.201904181610/tools/bin/../lib/gcc/arm-none-eabi/7.3.1/../../../../arm-none-eabi/lib/thumb/v7e-m/fpv4-sp/hard\libc_nano.a(lib_a-findfp.o)
                0x0000000008007e80                __sfp
 .text._fwalk_reent
                0x0000000008007ef8       0x3c c:/st/stm32cubeide_1.1.0/stm32cubeide/plugins/com.st.stm32cube.ide.mcu.externaltools.gnu-tools-for-stm32.7-2018-q2-update.win32_1.0.0.201904181610/tools/bin/../lib/gcc/arm-none-eabi/7.3.1/../../../../arm-none-eabi/lib/thumb/v7e-m/fpv4-sp/hard\libc_nano.a(lib_a-fwalk.o)
                0x0000000008007ef8                _fwalk_reent
 .text.__libc_init_array
                0x0000000008007f34       0x48 c:/st/stm32cubeide_1.1.0/stm32cubeide/plugins/com.st.stm32cube.ide.mcu.externaltools.gnu-tools-for-stm32.7-2018-q2-update.win32_1.0.0.201904181610/tools/bin/../lib/gcc/arm-none-eabi/7.3.1/../../../../arm-none-eabi/lib/thumb/v7e-m/fpv4-sp/hard\libc_nano.a(lib_a-init.o)
                0x0000000008007f34                __libc_init_array
 .text.__itoa   0x0000000008007f7c       0x30 c:/st/stm32cubeide_1.1.0/stm32cubeide/plugins/com.st.stm32cube.ide.mcu.externaltools.gnu-tools-for-stm32.7-2018-q2-update.win32_1.0.0.201904181610/tools/bin/../lib/gcc/arm-none-eabi/7.3.1/../../../../arm-none-eabi/lib/thumb/v7e-m/fpv4-sp/hard\libc_nano.a(lib_a-itoa.o)
                0x0000000008007f7c                __itoa
 .text.itoa     0x0000000008007fac        0x4 c:/st/stm32cubeide_1.1.0/stm32cubeide/plugins/com.st.stm32cube.ide.mcu.externaltools.gnu-tools-for-stm32.7-2018-q2-update.win32_1.0.0.201904181610/tools/bin/../lib/gcc/arm-none-eabi/7.3.1/../../../../arm-none-eabi/lib/thumb/v7e-m/fpv4-sp/hard\libc_nano.a(lib_a-itoa.o)
                0x0000000008007fac                itoa
 .text.malloc   0x0000000008007fb0       0x10 c:/st/stm32cubeide_1.1.0/stm32cubeide/plugins/com.st.stm32cube.ide.mcu.externaltools.gnu-tools-for-stm32.7-2018-q2-update.win32_1.0.0.201904181610/tools/bin/../lib/gcc/arm-none-eabi/7.3.1/../../../../arm-none-eabi/lib/thumb/v7e-m/fpv4-sp/hard\libc_nano.a(lib_a-malloc.o)
                0x0000000008007fb0                malloc
 .text.free     0x0000000008007fc0       0x10 c:/st/stm32cubeide_1.1.0/stm32cubeide/plugins/com.st.stm32cube.ide.mcu.externaltools.gnu-tools-for-stm32.7-2018-q2-update.win32_1.0.0.201904181610/tools/bin/../lib/gcc/arm-none-eabi/7.3.1/../../../../arm-none-eabi/lib/thumb/v7e-m/fpv4-sp/hard\libc_nano.a(lib_a-malloc.o)
                0x0000000008007fc0                free
 .text.memcpy   0x0000000008007fd0       0x16 c:/st/stm32cubeide_1.1.0/stm32cubeide/plugins/com.st.stm32cube.ide.mcu.externaltools.gnu-tools-for-stm32.7-2018-q2-update.win32_1.0.0.201904181610/tools/bin/../lib/gcc/arm-none-eabi/7.3.1/../../../../arm-none-eabi/lib/thumb/v7e-m/fpv4-sp/hard\libc_nano.a(lib_a-memcpy-stub.o)
                0x0000000008007fd0                memcpy
 .text.memset   0x0000000008007fe6       0x10 c:/st/stm32cubeide_1.1.0/stm32cubeide/plugins/com.st.stm32cube.ide.mcu.externaltools.gnu-tools-for-stm32.7-2018-q2-update.win32_1.0.0.201904181610/tools/bin/../lib/gcc/arm-none-eabi/7.3.1/../../../../arm-none-eabi/lib/thumb/v7e-m/fpv4-sp/hard\libc_nano.a(lib_a-memset.o)
                0x0000000008007fe6                memset
 *fill*         0x0000000008007ff6        0x2 
 .text._free_r  0x0000000008007ff8       0x9c c:/st/stm32cubeide_1.1.0/stm32cubeide/plugins/com.st.stm32cube.ide.mcu.externaltools.gnu-tools-for-stm32.7-2018-q2-update.win32_1.0.0.201904181610/tools/bin/../lib/gcc/arm-none-eabi/7.3.1/../../../../arm-none-eabi/lib/thumb/v7e-m/fpv4-sp/hard\libc_nano.a(lib_a-nano-freer.o)
                0x0000000008007ff8                _free_r
 .text._malloc_r
                0x0000000008008094       0xb4 c:/st/stm32cubeide_1.1.0/stm32cubeide/plugins/com.st.stm32cube.ide.mcu.externaltools.gnu-tools-for-stm32.7-2018-q2-update.win32_1.0.0.201904181610/tools/bin/../lib/gcc/arm-none-eabi/7.3.1/../../../../arm-none-eabi/lib/thumb/v7e-m/fpv4-sp/hard\libc_nano.a(lib_a-nano-mallocr.o)
                0x0000000008008094                _malloc_r
 .text.printf   0x0000000008008148       0x30 c:/st/stm32cubeide_1.1.0/stm32cubeide/plugins/com.st.stm32cube.ide.mcu.externaltools.gnu-tools-for-stm32.7-2018-q2-update.win32_1.0.0.201904181610/tools/bin/../lib/gcc/arm-none-eabi/7.3.1/../../../../arm-none-eabi/lib/thumb/v7e-m/fpv4-sp/hard\libc_nano.a(lib_a-printf.o)
                0x0000000008008148                iprintf
                0x0000000008008148                printf
 .text._puts_r  0x0000000008008178       0xb8 c:/st/stm32cubeide_1.1.0/stm32cubeide/plugins/com.st.stm32cube.ide.mcu.externaltools.gnu-tools-for-stm32.7-2018-q2-update.win32_1.0.0.201904181610/tools/bin/../lib/gcc/arm-none-eabi/7.3.1/../../../../arm-none-eabi/lib/thumb/v7e-m/fpv4-sp/hard\libc_nano.a(lib_a-puts.o)
                0x0000000008008178                _puts_r
 .text.puts     0x0000000008008230       0x10 c:/st/stm32cubeide_1.1.0/stm32cubeide/plugins/com.st.stm32cube.ide.mcu.externaltools.gnu-tools-for-stm32.7-2018-q2-update.win32_1.0.0.201904181610/tools/bin/../lib/gcc/arm-none-eabi/7.3.1/../../../../arm-none-eabi/lib/thumb/v7e-m/fpv4-sp/hard\libc_nano.a(lib_a-puts.o)
                0x0000000008008230                puts
 .text._sbrk_r  0x0000000008008240       0x20 c:/st/stm32cubeide_1.1.0/stm32cubeide/plugins/com.st.stm32cube.ide.mcu.externaltools.gnu-tools-for-stm32.7-2018-q2-update.win32_1.0.0.201904181610/tools/bin/../lib/gcc/arm-none-eabi/7.3.1/../../../../arm-none-eabi/lib/thumb/v7e-m/fpv4-sp/hard\libc_nano.a(lib_a-sbrkr.o)
                0x0000000008008240                _sbrk_r
 .text.sprintf  0x0000000008008260       0x40 c:/st/stm32cubeide_1.1.0/stm32cubeide/plugins/com.st.stm32cube.ide.mcu.externaltools.gnu-tools-for-stm32.7-2018-q2-update.win32_1.0.0.201904181610/tools/bin/../lib/gcc/arm-none-eabi/7.3.1/../../../../arm-none-eabi/lib/thumb/v7e-m/fpv4-sp/hard\libc_nano.a(lib_a-sprintf.o)
                0x0000000008008260                siprintf
                0x0000000008008260                sprintf
 .text.__sread  0x00000000080082a0       0x22 c:/st/stm32cubeide_1.1.0/stm32cubeide/plugins/com.st.stm32cube.ide.mcu.externaltools.gnu-tools-for-stm32.7-2018-q2-update.win32_1.0.0.201904181610/tools/bin/../lib/gcc/arm-none-eabi/7.3.1/../../../../arm-none-eabi/lib/thumb/v7e-m/fpv4-sp/hard\libc_nano.a(lib_a-stdio.o)
                0x00000000080082a0                __sread
 .text.__swrite
                0x00000000080082c2       0x38 c:/st/stm32cubeide_1.1.0/stm32cubeide/plugins/com.st.stm32cube.ide.mcu.externaltools.gnu-tools-for-stm32.7-2018-q2-update.win32_1.0.0.201904181610/tools/bin/../lib/gcc/arm-none-eabi/7.3.1/../../../../arm-none-eabi/lib/thumb/v7e-m/fpv4-sp/hard\libc_nano.a(lib_a-stdio.o)
                0x00000000080082c2                __swrite